               
               
┌─────────────┐
│ Scan Status │
└─────────────┘
  Scanning 871 files tracked by git with 7 Code rules:
                                                                                                                        
  Language     Rules   Files          Origin      Rules                                                                 
 ────────────────────────────        ───────────────────                                                                
  yaml             1       3          Community       7                                                                 
  dockerfile       7       1                                                                                            
                                                                                                                        
                
                
┌──────────────┐
│ Scan Summary │
└──────────────┘
✅ Scan completed successfully.
 • Findings: 0 (0 blocking)
 • Rules run: 7
 • Targets scanned: 4
 • Parsed lines: ~100.0%
 • Scan skipped: 
   ◦ Matching --exclude patterns: 2699
   ◦ Files matching .semgrepignore patterns: 3
 • Scan was limited to files tracked by git
 • For a detailed list of skipped files and lines, run semgrep with the --verbose flag
Ran 7 rules on 4 files: 0 findings.
(need more rules? `semgrep login` for additional free Semgrep Registry rules)

If Semgrep missed a finding, please send us feedback to let us know!
See https://semgrep.dev/docs/reporting-false-negatives/
