               
               
┌─────────────┐
│ Scan Status │
└─────────────┘
  Scanning 871 files tracked by git with 5 Code rules:
  Scanning 3 files with 5 yaml rules.
                
                
┌──────────────┐
│ Scan Summary │
└──────────────┘
✅ Scan completed successfully.
 • Findings: 0 (0 blocking)
 • Rules run: 5
 • Targets scanned: 3
 • Parsed lines: ~100.0%
 • Scan skipped: 
   ◦ Matching --exclude patterns: 2699
   ◦ Files matching .semgrepignore patterns: 3
 • Scan was limited to files tracked by git
 • For a detailed list of skipped files and lines, run semgrep with the --verbose flag
Ran 5 rules on 3 files: 0 findings.
(need more rules? `semgrep login` for additional free Semgrep Registry rules)

If Semgrep missed a finding, please send us feedback to let us know!
See https://semgrep.dev/docs/reporting-false-negatives/
