               
               
┌─────────────┐
│ Scan Status │
└─────────────┘
  Scanning 871 files tracked by git with 52 Code rules:
                                                                                                                        
  Language      Rules   Files          Origin      Rules                                                                
 ─────────────────────────────        ───────────────────                                                               
  <multilang>      36     871          Community      52                                                                
  ts                5     294                                                                                           
  js                5      10                                                                                           
  yaml              1       3                                                                                           
                                                                                                                        
                  
                  
┌────────────────┐
│ 1 Code Finding │
└────────────────┘
                                                       
    /Users/alancolver/dev/keyfate/DATABASE_URL_SETUP.md
   ❯❯❱ generic.secrets.security.detected-username-and-password-in-uri.detected-username-and-password-in-uri
          ❰❰ Blocking ❱❱
          Username and password in URI detected
          Details: https://sg.run/8yA4         
                                               
           92┆ # postgresql://postgres:hM65ANes82sH+hAmtmmhMB9@127.0.0.1:54321/keyfate

                
                
┌──────────────┐
│ Scan Summary │
└──────────────┘
✅ Scan completed successfully.
 • Findings: 1 (1 blocking)
 • Rules run: 42
 • Targets scanned: 871
 • Parsed lines: ~100.0%
 • Scan skipped: 
   ◦ Matching --exclude patterns: 2687
   ◦ Files matching .semgrepignore patterns: 3
 • Scan was limited to files tracked by git
 • For a detailed list of skipped files and lines, run semgrep with the --verbose flag
Ran 42 rules on 871 files: 1 finding.
