               
               
┌─────────────┐
│ Scan Status │
└─────────────┘
  Scanning 871 files tracked by git with 74 Code rules:
                                                                                                                        
  Language   Rules   Files          Origin      Rules                                                                   
 ──────────────────────────        ───────────────────                                                                  
  ts            74     294          Community      74                                                                   
  js            68      10                                                                                              
                                                                                                                        
                  
                  
┌────────────────┐
│ 1 Code Finding │
└────────────────┘
                                                                
    /Users/alancolver/dev/keyfate/frontend/src/lib/encryption.ts
   ❯❯❱ javascript.node-crypto.security.gcm-no-tag-length.gcm-no-tag-length
          ❰❰ Blocking ❱❱
          The call to 'createDecipheriv' with the Galois Counter Mode (GCM) mode of operation is missing an 
          expected authentication tag length. If the expected authentication tag length is not specified or 
          otherwise checked, the application might be tricked into verifying a shorter-than-expected        
          authentication tag. This can be abused by an attacker to spoof ciphertexts or recover the implicit
          authentication key of GCM, allowing arbitrary forgeries.                                          
          Details: https://sg.run/NbGG1                                                                     
                                                                                                            
          130┆ const decipher = crypto.createDecipheriv(ALGORITHM, getEncryptionKey(version), ivBuffer);

                
                
┌──────────────┐
│ Scan Summary │
└──────────────┘
✅ Scan completed successfully.
 • Findings: 1 (1 blocking)
 • Rules run: 74
 • Targets scanned: 304
 • Parsed lines: ~100.0%
 • Scan skipped: 
   ◦ Matching --exclude patterns: 2687
   ◦ Files matching .semgrepignore patterns: 3
 • Scan was limited to files tracked by git
 • For a detailed list of skipped files and lines, run semgrep with the --verbose flag
Ran 74 rules on 304 files: 1 finding.
