COMMAND: codeql database create piolium/codeql-artifacts/db --language=javascript --source-root=frontend --codescanning-config=piolium/codeql-artifacts/codeql-config.yml --overwrite --threads=2
Initializing database at /Users/alancolver/dev/keyfate/piolium/codeql-artifacts/db.
Package install location: /Users/alancolver/.codeql/packages
Already installed codeql/javascript-queries@2.4.0
Running build command: []
Running command in /Users/alancolver/dev/keyfate/frontend: [/opt/homebrew/Caskroom/codeql/2.26.0/codeql/javascript/tools/autobuild.sh]
[2026-07-10 17:31:05] [build-stdout] Parallel extraction with 2 threads.
[2026-07-10 17:31:05] [build-stdout] Extracting /Users/alancolver/dev/keyfate/frontend/src/app.html
[2026-07-10 17:31:05] [build-stdout] Done extracting /Users/alancolver/dev/keyfate/frontend/src/app.html (26 ms)
[2026-07-10 17:31:05] [build-stdout] Found Node.js at: node
[2026-07-10 17:31:05] [build-stdout] Found Node.js version: v24.16.0
[2026-07-10 17:31:05] [build-stdout] Memory for TypeScript process: 2000 MB, and 400 MB reserve
[2026-07-10 17:31:05] [build-stdout] Extracting /Users/alancolver/dev/keyfate/frontend/src/routes/api/secrets/[id]/recipients/[recipientId]/nostr-pubkey/+server.ts
[2026-07-10 17:31:05] [build-stdout] Done extracting /Users/alancolver/dev/keyfate/frontend/src/routes/api/secrets/[id]/recipients/[recipientId]/nostr-pubkey/+server.ts (62 ms)
[2026-07-10 17:31:05] [build-stdout] Extracting /Users/alancolver/dev/keyfate/frontend/src/routes/api/admin/email-failures/[id]/retry/+server.ts
[2026-07-10 17:31:05] [build-stdout] Done extracting /Users/alancolver/dev/keyfate/frontend/src/routes/api/admin/email-failures/[id]/retry/+server.ts (10 ms)
[2026-07-10 17:31:05] [build-stdout] Extracting /Users/alancolver/dev/keyfate/frontend/src/routes/api/user/delete-account/cancel/[requestId]/+server.ts
[2026-07-10 17:31:05] [build-stdout] Done extracting /Users/alancolver/dev/keyfate/frontend/src/routes/api/user/delete-account/cancel/[requestId]/+server.ts (5 ms)
[2026-07-10 17:31:05] [build-stdout] Extracting /Users/alancolver/dev/keyfate/frontend/src/routes/(authenticated)/secrets/[id]/edit/+page.server.ts
[2026-07-10 17:31:05] [build-stdout] Done extracting /Users/alancolver/dev/keyfate/frontend/src/routes/(authenticated)/secrets/[id]/edit/+page.server.ts (5 ms)
[2026-07-10 17:31:05] [build-stdout] Extracting /Users/alancolver/dev/keyfate/frontend/src/routes/(authenticated)/secrets/[id]/view/+page.server.ts
[2026-07-10 17:31:05] [build-stdout] Done extracting /Users/alancolver/dev/keyfate/frontend/src/routes/(authenticated)/secrets/[id]/view/+page.server.ts (8 ms)
[2026-07-10 17:31:05] [build-stdout] Extracting /Users/alancolver/dev/keyfate/frontend/src/routes/api/admin/email-failures/[id]/+server.ts
[2026-07-10 17:31:05] [build-stdout] Done extracting /Users/alancolver/dev/keyfate/frontend/src/routes/api/admin/email-failures/[id]/+server.ts (7 ms)
[2026-07-10 17:31:05] [build-stdout] Extracting /Users/alancolver/dev/keyfate/frontend/src/routes/api/admin/email-failures/batch-retry/+server.ts
[2026-07-10 17:31:05] [build-stdout] Done extracting /Users/alancolver/dev/keyfate/frontend/src/routes/api/admin/email-failures/batch-retry/+server.ts (9 ms)
[2026-07-10 17:31:05] [build-stdout] Extracting /Users/alancolver/dev/keyfate/frontend/src/routes/api/secrets/[id]/bitcoin-status/+server.ts
[2026-07-10 17:31:05] [build-stdout] Done extracting /Users/alancolver/dev/keyfate/frontend/src/routes/api/secrets/[id]/bitcoin-status/+server.ts (4 ms)
[2026-07-10 17:31:05] [build-stdout] Extracting /Users/alancolver/dev/keyfate/frontend/src/routes/api/secrets/[id]/check-in/+server.ts
[2026-07-10 17:31:05] [build-stdout] Done extracting /Users/alancolver/dev/keyfate/frontend/src/routes/api/secrets/[id]/check-in/+server.ts (13 ms)
[2026-07-10 17:31:05] [build-stdout] Extracting /Users/alancolver/dev/keyfate/frontend/src/routes/api/secrets/[id]/delete-server-share/+server.ts
[2026-07-10 17:31:05] [build-stdout] Done extracting /Users/alancolver/dev/keyfate/frontend/src/routes/api/secrets/[id]/delete-server-share/+server.ts (6 ms)
[2026-07-10 17:31:05] [build-stdout] Extracting /Users/alancolver/dev/keyfate/frontend/src/routes/api/secrets/[id]/export-share/+server.ts
[2026-07-10 17:31:05] [build-stdout] Done extracting /Users/alancolver/dev/keyfate/frontend/src/routes/api/secrets/[id]/export-share/+server.ts (9 ms)
[2026-07-10 17:31:05] [build-stdout] Extracting /Users/alancolver/dev/keyfate/frontend/src/routes/api/secrets/[id]/publish-nostr/+server.ts
[2026-07-10 17:31:05] [build-stdout] Done extracting /Users/alancolver/dev/keyfate/frontend/src/routes/api/secrets/[id]/publish-nostr/+server.ts (16 ms)
[2026-07-10 17:31:05] [build-stdout] Extracting /Users/alancolver/dev/keyfate/frontend/src/routes/api/secrets/[id]/reveal-server-share/+server.ts
[2026-07-10 17:31:05] [build-stdout] Done extracting /Users/alancolver/dev/keyfate/frontend/src/routes/api/secrets/[id]/reveal-server-share/+server.ts (7 ms)
[2026-07-10 17:31:05] [build-stdout] Extracting /Users/alancolver/dev/keyfate/frontend/src/routes/api/secrets/[id]/send-now/+server.ts
[2026-07-10 17:31:05] [build-stdout] Done extracting /Users/alancolver/dev/keyfate/frontend/src/routes/api/secrets/[id]/send-now/+server.ts (19 ms)
[2026-07-10 17:31:05] [build-stdout] Extracting /Users/alancolver/dev/keyfate/frontend/src/routes/api/secrets/[id]/server-share/+server.ts
[2026-07-10 17:31:05] [build-stdout] Done extracting /Users/alancolver/dev/keyfate/frontend/src/routes/api/secrets/[id]/server-share/+server.ts (9 ms)
[2026-07-10 17:31:05] [build-stdout] Extracting /Users/alancolver/dev/keyfate/frontend/src/routes/api/secrets/[id]/store-bitcoin-refresh/+server.ts
[2026-07-10 17:31:05] [build-stdout] Done extracting /Users/alancolver/dev/keyfate/frontend/src/routes/api/secrets/[id]/store-bitcoin-refresh/+server.ts (14 ms)
[2026-07-10 17:31:05] [build-stdout] Extracting /Users/alancolver/dev/keyfate/frontend/src/routes/api/secrets/[id]/store-bitcoin/+server.ts
[2026-07-10 17:31:05] [build-stdout] Done extracting /Users/alancolver/dev/keyfate/frontend/src/routes/api/secrets/[id]/store-bitcoin/+server.ts (10 ms)
[2026-07-10 17:31:05] [build-stdout] Extracting /Users/alancolver/dev/keyfate/frontend/src/routes/api/secrets/[id]/toggle-pause/+server.ts
[2026-07-10 17:31:05] [build-stdout] Done extracting /Users/alancolver/dev/keyfate/frontend/src/routes/api/secrets/[id]/toggle-pause/+server.ts (6 ms)
[2026-07-10 17:31:05] [build-stdout] Extracting /Users/alancolver/dev/keyfate/frontend/src/routes/api/user/delete-account/confirm/+server.ts
[2026-07-10 17:31:05] [build-stdout] Done extracting /Users/alancolver/dev/keyfate/frontend/src/routes/api/user/delete-account/confirm/+server.ts (3 ms)
[2026-07-10 17:31:05] [build-stdout] Extracting /Users/alancolver/dev/keyfate/frontend/src/routes/api/user/deletion-status/[requestId]/+server.ts
[2026-07-10 17:31:05] [build-stdout] Done extracting /Users/alancolver/dev/keyfate/frontend/src/routes/api/user/deletion-status/[requestId]/+server.ts (4 ms)
[2026-07-10 17:31:05] [build-stdout] Extracting /Users/alancolver/dev/keyfate/frontend/src/routes/api/user/export-data/[jobId]/+server.ts
[2026-07-10 17:31:05] [build-stdout] Done extracting /Users/alancolver/dev/keyfate/frontend/src/routes/api/user/export-data/[jobId]/+server.ts (5 ms)
[2026-07-10 17:31:05] [build-stdout] Extracting /Users/alancolver/dev/keyfate/frontend/src/routes/api/user/subscription/cancel-downgrade/+server.ts
[2026-07-10 17:31:05] [build-stdout] Done extracting /Users/alancolver/dev/keyfate/frontend/src/routes/api/user/subscription/cancel-downgrade/+server.ts (3 ms)
[2026-07-10 17:31:05] [build-stdout] Extracting /Users/alancolver/dev/keyfate/frontend/src/routes/api/user/subscription/schedule-downgrade/+server.ts
[2026-07-10 17:31:05] [build-stdout] Done extracting /Users/alancolver/dev/keyfate/frontend/src/routes/api/user/subscription/schedule-downgrade/+server.ts (3 ms)
[2026-07-10 17:31:05] [build-stdout] Extracting /Users/alancolver/dev/keyfate/frontend/src/lib/components/ui/accordion/index.ts
[2026-07-10 17:31:05] [build-stdout] Done extracting /Users/alancolver/dev/keyfate/frontend/src/lib/components/ui/accordion/index.ts (1 ms)
[2026-07-10 17:31:05] [build-stdout] Extracting /Users/alancolver/dev/keyfate/frontend/src/lib/components/ui/alert-dialog/index.ts
[2026-07-10 17:31:05] [build-stdout] Done extracting /Users/alancolver/dev/keyfate/frontend/src/lib/components/ui/alert-dialog/index.ts (2 ms)
[2026-07-10 17:31:05] [build-stdout] Extracting /Users/alancolver/dev/keyfate/frontend/src/lib/components/ui/alert/index.ts
[2026-07-10 17:31:05] [build-stdout] Done extracting /Users/alancolver/dev/keyfate/frontend/src/lib/components/ui/alert/index.ts (1 ms)
[2026-07-10 17:31:05] [build-stdout] Extracting /Users/alancolver/dev/keyfate/frontend/src/lib/components/ui/badge/index.ts
[2026-07-10 17:31:05] [build-stdout] Done extracting /Users/alancolver/dev/keyfate/frontend/src/lib/components/ui/badge/index.ts (0 ms)
[2026-07-10 17:31:05] [build-stdout] Extracting /Users/alancolver/dev/keyfate/frontend/src/lib/components/ui/button/index.ts
[2026-07-10 17:31:05] [build-stdout] Done extracting /Users/alancolver/dev/keyfate/frontend/src/lib/components/ui/button/index.ts (1 ms)
[2026-07-10 17:31:05] [build-stdout] Extracting /Users/alancolver/dev/keyfate/frontend/src/lib/components/ui/card/index.ts
[2026-07-10 17:31:05] [build-stdout] Done extracting /Users/alancolver/dev/keyfate/frontend/src/lib/components/ui/card/index.ts (1 ms)
[2026-07-10 17:31:05] [build-stdout] Extracting /Users/alancolver/dev/keyfate/frontend/src/lib/components/ui/checkbox/index.ts
[2026-07-10 17:31:05] [build-stdout] Done extracting /Users/alancolver/dev/keyfate/frontend/src/lib/components/ui/checkbox/index.ts (1 ms)
[2026-07-10 17:31:05] [build-stdout] Extracting /Users/alancolver/dev/keyfate/frontend/src/lib/components/ui/dialog/index.ts
[2026-07-10 17:31:05] [build-stdout] Done extracting /Users/alancolver/dev/keyfate/frontend/src/lib/components/ui/dialog/index.ts (2 ms)
[2026-07-10 17:31:05] [build-stdout] Extracting /Users/alancolver/dev/keyfate/frontend/src/lib/components/ui/dropdown-menu/index.ts
[2026-07-10 17:31:05] [build-stdout] Done extracting /Users/alancolver/dev/keyfate/frontend/src/lib/components/ui/dropdown-menu/index.ts (3 ms)
[2026-07-10 17:31:05] [build-stdout] Extracting /Users/alancolver/dev/keyfate/frontend/src/lib/components/ui/form/index.ts
[2026-07-10 17:31:05] [build-stdout] Done extracting /Users/alancolver/dev/keyfate/frontend/src/lib/components/ui/form/index.ts (2 ms)
[2026-07-10 17:31:05] [build-stdout] Extracting /Users/alancolver/dev/keyfate/frontend/src/lib/components/ui/input/index.ts
[2026-07-10 17:31:05] [build-stdout] Done extracting /Users/alancolver/dev/keyfate/frontend/src/lib/components/ui/input/index.ts (0 ms)
[2026-07-10 17:31:05] [build-stdout] Extracting /Users/alancolver/dev/keyfate/frontend/src/lib/components/ui/label/index.ts
[2026-07-10 17:31:05] [build-stdout] Done extracting /Users/alancolver/dev/keyfate/frontend/src/lib/components/ui/label/index.ts (0 ms)
[2026-07-10 17:31:05] [build-stdout] Extracting /Users/alancolver/dev/keyfate/frontend/src/lib/components/ui/navigation-menu/index.ts
[2026-07-10 17:31:05] [build-stdout] Done extracting /Users/alancolver/dev/keyfate/frontend/src/lib/components/ui/navigation-menu/index.ts (1 ms)
[2026-07-10 17:31:05] [build-stdout] Extracting /Users/alancolver/dev/keyfate/frontend/src/lib/components/ui/progress/index.ts
[2026-07-10 17:31:05] [build-stdout] Done extracting /Users/alancolver/dev/keyfate/frontend/src/lib/components/ui/progress/index.ts (0 ms)
[2026-07-10 17:31:05] [build-stdout] Extracting /Users/alancolver/dev/keyfate/frontend/src/lib/components/ui/scroll-area/index.ts
[2026-07-10 17:31:05] [build-stdout] Done extracting /Users/alancolver/dev/keyfate/frontend/src/lib/components/ui/scroll-area/index.ts (0 ms)
[2026-07-10 17:31:05] [build-stdout] Extracting /Users/alancolver/dev/keyfate/frontend/src/lib/components/ui/select/index.ts
[2026-07-10 17:31:05] [build-stdout] Done extracting /Users/alancolver/dev/keyfate/frontend/src/lib/components/ui/select/index.ts (2 ms)
[2026-07-10 17:31:05] [build-stdout] Extracting /Users/alancolver/dev/keyfate/frontend/src/lib/components/ui/separator/index.ts
[2026-07-10 17:31:05] [build-stdout] Done extracting /Users/alancolver/dev/keyfate/frontend/src/lib/components/ui/separator/index.ts (0 ms)
[2026-07-10 17:31:05] [build-stdout] Extracting /Users/alancolver/dev/keyfate/frontend/src/lib/components/ui/sonner/index.ts
[2026-07-10 17:31:05] [build-stdout] Done extracting /Users/alancolver/dev/keyfate/frontend/src/lib/components/ui/sonner/index.ts (0 ms)
[2026-07-10 17:31:05] [build-stdout] Extracting /Users/alancolver/dev/keyfate/frontend/src/lib/components/ui/table/index.ts
[2026-07-10 17:31:05] [build-stdout] Done extracting /Users/alancolver/dev/keyfate/frontend/src/lib/components/ui/table/index.ts (1 ms)
[2026-07-10 17:31:05] [build-stdout] Extracting /Users/alancolver/dev/keyfate/frontend/src/lib/components/ui/textarea/index.ts
[2026-07-10 17:31:05] [build-stdout] Done extracting /Users/alancolver/dev/keyfate/frontend/src/lib/components/ui/textarea/index.ts (0 ms)
[2026-07-10 17:31:05] [build-stdout] Extracting /Users/alancolver/dev/keyfate/frontend/src/lib/components/ui/tooltip/index.ts
[2026-07-10 17:31:05] [build-stdout] Done extracting /Users/alancolver/dev/keyfate/frontend/src/lib/components/ui/tooltip/index.ts (1 ms)
[2026-07-10 17:31:05] [build-stdout] Extracting /Users/alancolver/dev/keyfate/frontend/src/routes/(authenticated)/secrets/new/+page.server.ts
[2026-07-10 17:31:05] [build-stdout] Done extracting /Users/alancolver/dev/keyfate/frontend/src/routes/(authenticated)/secrets/new/+page.server.ts (3 ms)
[2026-07-10 17:31:05] [build-stdout] Extracting /Users/alancolver/dev/keyfate/frontend/src/routes/(authenticated)/settings/audit/+page.server.ts
[2026-07-10 17:31:05] [build-stdout] Done extracting /Users/alancolver/dev/keyfate/frontend/src/routes/(authenticated)/settings/audit/+page.server.ts (2 ms)
[2026-07-10 17:31:05] [build-stdout] Extracting /Users/alancolver/dev/keyfate/frontend/src/routes/(authenticated)/settings/general/+page.server.ts
[2026-07-10 17:31:05] [build-stdout] Done extracting /Users/alancolver/dev/keyfate/frontend/src/routes/(authenticated)/settings/general/+page.server.ts (2 ms)
[2026-07-10 17:31:05] [build-stdout] Extracting /Users/alancolver/dev/keyfate/frontend/src/routes/(authenticated)/settings/privacy/+page.server.ts
[2026-07-10 17:31:05] [build-stdout] Done extracting /Users/alancolver/dev/keyfate/frontend/src/routes/(authenticated)/settings/privacy/+page.server.ts (4 ms)
[2026-07-10 17:31:05] [build-stdout] Extracting /Users/alancolver/dev/keyfate/frontend/src/routes/(authenticated)/settings/subscription/+page.server.ts
[2026-07-10 17:31:05] [build-stdout] Done extracting /Users/alancolver/dev/keyfate/frontend/src/routes/(authenticated)/settings/subscription/+page.server.ts (1 ms)
[2026-07-10 17:31:05] [build-stdout] Extracting /Users/alancolver/dev/keyfate/frontend/src/routes/api/admin/email-failures/+server.ts
[2026-07-10 17:31:05] [build-stdout] Done extracting /Users/alancolver/dev/keyfate/frontend/src/routes/api/admin/email-failures/+server.ts (4 ms)
[2026-07-10 17:31:05] [build-stdout] Extracting /Users/alancolver/dev/keyfate/frontend/src/routes/api/admin/metrics/+server.ts
[2026-07-10 17:31:05] [build-stdout] Done extracting /Users/alancolver/dev/keyfate/frontend/src/routes/api/admin/metrics/+server.ts (3 ms)
[2026-07-10 17:31:05] [build-stdout] Extracting /Users/alancolver/dev/keyfate/frontend/src/routes/api/audit-logs/export/+server.ts
[2026-07-10 17:31:05] [build-stdout] Done extracting /Users/alancolver/dev/keyfate/frontend/src/routes/api/audit-logs/export/+server.ts (9 ms)
[2026-07-10 17:31:05] [build-stdout] Extracting /Users/alancolver/dev/keyfate/frontend/src/routes/api/auth/accept-privacy-policy/+server.ts
[2026-07-10 17:31:05] [build-stdout] Done extracting /Users/alancolver/dev/keyfate/frontend/src/routes/api/auth/accept-privacy-policy/+server.ts (3 ms)
[2026-07-10 17:31:05] [build-stdout] Extracting /Users/alancolver/dev/keyfate/frontend/src/routes/api/auth/check-privacy-policy/+server.ts
[2026-07-10 17:31:05] [build-stdout] Done extracting /Users/alancolver/dev/keyfate/frontend/src/routes/api/auth/check-privacy-policy/+server.ts (2 ms)
[2026-07-10 17:31:05] [build-stdout] Extracting /Users/alancolver/dev/keyfate/frontend/src/routes/api/auth/providers/+server.ts
[2026-07-10 17:31:05] [build-stdout] Done extracting /Users/alancolver/dev/keyfate/frontend/src/routes/api/auth/providers/+server.ts (1 ms)
[2026-07-10 17:31:05] [build-stdout] Extracting /Users/alancolver/dev/keyfate/frontend/src/routes/api/auth/register/+server.ts
[2026-07-10 17:31:05] [build-stdout] Done extracting /Users/alancolver/dev/keyfate/frontend/src/routes/api/auth/register/+server.ts (7 ms)
[2026-07-10 17:31:05] [build-stdout] Extracting /Users/alancolver/dev/keyfate/frontend/src/routes/api/auth/request-otp/+server.ts
[2026-07-10 17:31:05] [build-stdout] Done extracting /Users/alancolver/dev/keyfate/frontend/src/routes/api/auth/request-otp/+server.ts (5 ms)
[2026-07-10 17:31:05] [build-stdout] Extracting /Users/alancolver/dev/keyfate/frontend/src/routes/api/auth/request-password-reset/+server.ts
[2026-07-10 17:31:05] [build-stdout] Done extracting /Users/alancolver/dev/keyfate/frontend/src/routes/api/auth/request-password-reset/+server.ts (5 ms)
[2026-07-10 17:31:05] [build-stdout] Extracting /Users/alancolver/dev/keyfate/frontend/src/routes/api/auth/resend-verification/+server.ts
[2026-07-10 17:31:05] [build-stdout] Done extracting /Users/alancolver/dev/keyfate/frontend/src/routes/api/auth/resend-verification/+server.ts (5 ms)
[2026-07-10 17:31:05] [build-stdout] Extracting /Users/alancolver/dev/keyfate/frontend/src/routes/api/auth/reset-password/+server.ts
[2026-07-10 17:31:05] [build-stdout] Done extracting /Users/alancolver/dev/keyfate/frontend/src/routes/api/auth/reset-password/+server.ts (6 ms)
[2026-07-10 17:31:05] [build-stdout] Extracting /Users/alancolver/dev/keyfate/frontend/src/routes/api/auth/revoke-sessions/+server.ts
[2026-07-10 17:31:05] [build-stdout] Done extracting /Users/alancolver/dev/keyfate/frontend/src/routes/api/auth/revoke-sessions/+server.ts (2 ms)
[2026-07-10 17:31:05] [build-stdout] Extracting /Users/alancolver/dev/keyfate/frontend/src/routes/api/auth/verification-status/+server.ts
[2026-07-10 17:31:05] [build-stdout] Done extracting /Users/alancolver/dev/keyfate/frontend/src/routes/api/auth/verification-status/+server.ts (4 ms)
[2026-07-10 17:31:05] [build-stdout] Extracting /Users/alancolver/dev/keyfate/frontend/src/routes/api/auth/verify-email-callback/+server.ts
[2026-07-10 17:31:05] [build-stdout] Done extracting /Users/alancolver/dev/keyfate/frontend/src/routes/api/auth/verify-email-callback/+server.ts (7 ms)
[2026-07-10 17:31:05] [build-stdout] Extracting /Users/alancolver/dev/keyfate/frontend/src/routes/api/auth/verify-email/+server.ts
[2026-07-10 17:31:05] [build-stdout] Done extracting /Users/alancolver/dev/keyfate/frontend/src/routes/api/auth/verify-email/+server.ts (9 ms)
[2026-07-10 17:31:05] [build-stdout] Extracting /Users/alancolver/dev/keyfate/frontend/src/routes/api/auth/verify-otp/+server.ts
[2026-07-10 17:31:05] [build-stdout] Done extracting /Users/alancolver/dev/keyfate/frontend/src/routes/api/auth/verify-otp/+server.ts (6 ms)
[2026-07-10 17:31:05] [build-stdout] Extracting /Users/alancolver/dev/keyfate/frontend/src/routes/api/cron/check-secrets/+server.ts
[2026-07-10 17:31:05] [build-stdout] Done extracting /Users/alancolver/dev/keyfate/frontend/src/routes/api/cron/check-secrets/+server.ts (3 ms)
[2026-07-10 17:31:05] [build-stdout] Extracting /Users/alancolver/dev/keyfate/frontend/src/routes/api/cron/cleanup-exports/+server.ts
[2026-07-10 17:31:05] [build-stdout] Done extracting /Users/alancolver/dev/keyfate/frontend/src/routes/api/cron/cleanup-exports/+server.ts (3 ms)
[2026-07-10 17:31:05] [build-stdout] Extracting /Users/alancolver/dev/keyfate/frontend/src/routes/api/cron/cleanup-tokens/+server.ts
[2026-07-10 17:31:05] [build-stdout] Done extracting /Users/alancolver/dev/keyfate/frontend/src/routes/api/cron/cleanup-tokens/+server.ts (3 ms)
[2026-07-10 17:31:05] [build-stdout] Extracting /Users/alancolver/dev/keyfate/frontend/src/routes/api/cron/confirm-utxos/+server.ts
[2026-07-10 17:31:05] [build-stdout] Done extracting /Users/alancolver/dev/keyfate/frontend/src/routes/api/cron/confirm-utxos/+server.ts (3 ms)
[2026-07-10 17:31:05] [build-stdout] Extracting /Users/alancolver/dev/keyfate/frontend/src/routes/api/cron/process-deletions/+server.ts
[2026-07-10 17:31:05] [build-stdout] Done extracting /Users/alancolver/dev/keyfate/frontend/src/routes/api/cron/process-deletions/+server.ts (3 ms)
[2026-07-10 17:31:05] [build-stdout] Extracting /Users/alancolver/dev/keyfate/frontend/src/routes/api/cron/process-exports/+server.ts
[2026-07-10 17:31:05] [build-stdout] Done extracting /Users/alancolver/dev/keyfate/frontend/src/routes/api/cron/process-exports/+server.ts (3 ms)
[2026-07-10 17:31:05] [build-stdout] Extracting /Users/alancolver/dev/keyfate/frontend/src/routes/api/cron/process-reminders/+server.ts
[2026-07-10 17:31:05] [build-stdout] Done extracting /Users/alancolver/dev/keyfate/frontend/src/routes/api/cron/process-reminders/+server.ts (4 ms)
[2026-07-10 17:31:05] [build-stdout] Extracting /Users/alancolver/dev/keyfate/frontend/src/routes/api/cron/process-subscription-downgrades/+server.ts
[2026-07-10 17:31:05] [build-stdout] Done extracting /Users/alancolver/dev/keyfate/frontend/src/routes/api/cron/process-subscription-downgrades/+server.ts (4 ms)
[2026-07-10 17:31:05] [build-stdout] Extracting /Users/alancolver/dev/keyfate/frontend/src/routes/api/health/cron-diagnostics/+server.ts
[2026-07-10 17:31:05] [build-stdout] Done extracting /Users/alancolver/dev/keyfate/frontend/src/routes/api/health/cron-diagnostics/+server.ts (13 ms)
[2026-07-10 17:31:05] [build-stdout] Extracting /Users/alancolver/dev/keyfate/frontend/src/routes/api/health/cron/+server.ts
[2026-07-10 17:31:05] [build-stdout] Done extracting /Users/alancolver/dev/keyfate/frontend/src/routes/api/health/cron/+server.ts (4 ms)
[2026-07-10 17:31:05] [build-stdout] Extracting /Users/alancolver/dev/keyfate/frontend/src/routes/api/health/database/+server.ts
[2026-07-10 17:31:05] [build-stdout] Done extracting /Users/alancolver/dev/keyfate/frontend/src/routes/api/health/database/+server.ts (4 ms)
[2026-07-10 17:31:05] [build-stdout] Extracting /Users/alancolver/dev/keyfate/frontend/src/routes/api/health/db/+server.ts
[2026-07-10 17:31:05] [build-stdout] Done extracting /Users/alancolver/dev/keyfate/frontend/src/routes/api/health/db/+server.ts (3 ms)
[2026-07-10 17:31:05] [build-stdout] Extracting /Users/alancolver/dev/keyfate/frontend/src/routes/api/health/pool/+server.ts
[2026-07-10 17:31:05] [build-stdout] Done extracting /Users/alancolver/dev/keyfate/frontend/src/routes/api/health/pool/+server.ts (3 ms)
[2026-07-10 17:31:05] [build-stdout] Extracting /Users/alancolver/dev/keyfate/frontend/src/routes/api/secrets/[id]/+server.ts
[2026-07-10 17:31:06] [build-stdout] Done extracting /Users/alancolver/dev/keyfate/frontend/src/routes/api/secrets/[id]/+server.ts (14 ms)
[2026-07-10 17:31:06] [build-stdout] Extracting /Users/alancolver/dev/keyfate/frontend/src/routes/api/user/contact-methods/+server.ts
[2026-07-10 17:31:06] [build-stdout] Done extracting /Users/alancolver/dev/keyfate/frontend/src/routes/api/user/contact-methods/+server.ts (5 ms)
[2026-07-10 17:31:06] [build-stdout] Extracting /Users/alancolver/dev/keyfate/frontend/src/routes/api/user/delete-account/+server.ts
[2026-07-10 17:31:06] [build-stdout] Done extracting /Users/alancolver/dev/keyfate/frontend/src/routes/api/user/delete-account/+server.ts (5 ms)
[2026-07-10 17:31:06] [build-stdout] Extracting /Users/alancolver/dev/keyfate/frontend/src/routes/api/user/export-data/+server.ts
[2026-07-10 17:31:06] [build-stdout] Done extracting /Users/alancolver/dev/keyfate/frontend/src/routes/api/user/export-data/+server.ts (3 ms)
[2026-07-10 17:31:06] [build-stdout] Extracting /Users/alancolver/dev/keyfate/frontend/src/routes/api/user/subscription/+server.ts
[2026-07-10 17:31:06] [build-stdout] Done extracting /Users/alancolver/dev/keyfate/frontend/src/routes/api/user/subscription/+server.ts (2 ms)
[2026-07-10 17:31:06] [build-stdout] Extracting /Users/alancolver/dev/keyfate/frontend/src/routes/api/user/tier/+server.ts
[2026-07-10 17:31:06] [build-stdout] Done extracting /Users/alancolver/dev/keyfate/frontend/src/routes/api/user/tier/+server.ts (4 ms)
[2026-07-10 17:31:06] [build-stdout] Extracting /Users/alancolver/dev/keyfate/frontend/src/routes/api/webhooks/btcpay/+server.ts
[2026-07-10 17:31:06] [build-stdout] Done extracting /Users/alancolver/dev/keyfate/frontend/src/routes/api/webhooks/btcpay/+server.ts (14 ms)
[2026-07-10 17:31:06] [build-stdout] Extracting /Users/alancolver/dev/keyfate/frontend/src/routes/api/webhooks/stripe/+server.ts
[2026-07-10 17:31:06] [build-stdout] Done extracting /Users/alancolver/dev/keyfate/frontend/src/routes/api/webhooks/stripe/+server.ts (17 ms)
[2026-07-10 17:31:06] [build-stdout] Extracting /Users/alancolver/dev/keyfate/frontend/src/lib/db/queries/admin-metrics.ts
[2026-07-10 17:31:06] [build-stdout] Done extracting /Users/alancolver/dev/keyfate/frontend/src/lib/db/queries/admin-metrics.ts (10 ms)
[2026-07-10 17:31:06] [build-stdout] Extracting /Users/alancolver/dev/keyfate/frontend/src/lib/db/queries/secrets.ts
[2026-07-10 17:31:06] [build-stdout] Done extracting /Users/alancolver/dev/keyfate/frontend/src/lib/db/queries/secrets.ts (7 ms)
[2026-07-10 17:31:06] [build-stdout] Extracting /Users/alancolver/dev/keyfate/frontend/src/lib/email/providers/EmailProvider.ts
[2026-07-10 17:31:06] [build-stdout] Done extracting /Users/alancolver/dev/keyfate/frontend/src/lib/email/providers/EmailProvider.ts (3 ms)
[2026-07-10 17:31:06] [build-stdout] Extracting /Users/alancolver/dev/keyfate/frontend/src/lib/email/providers/MockAdapter.ts
[2026-07-10 17:31:06] [build-stdout] Done extracting /Users/alancolver/dev/keyfate/frontend/src/lib/email/providers/MockAdapter.ts (9 ms)
[2026-07-10 17:31:06] [build-stdout] Extracting /Users/alancolver/dev/keyfate/frontend/src/lib/email/providers/SendGridAdapter.ts
[2026-07-10 17:31:06] [build-stdout] Done extracting /Users/alancolver/dev/keyfate/frontend/src/lib/email/providers/SendGridAdapter.ts (11 ms)
[2026-07-10 17:31:06] [build-stdout] Extracting /Users/alancolver/dev/keyfate/frontend/src/lib/email/providers/index.ts
[2026-07-10 17:31:06] [build-stdout] Done extracting /Users/alancolver/dev/keyfate/frontend/src/lib/email/providers/index.ts (1 ms)
[2026-07-10 17:31:06] [build-stdout] Extracting /Users/alancolver/dev/keyfate/frontend/src/lib/payment/interfaces/PaymentProvider.ts
[2026-07-10 17:31:06] [build-stdout] Done extracting /Users/alancolver/dev/keyfate/frontend/src/lib/payment/interfaces/PaymentProvider.ts (8 ms)
[2026-07-10 17:31:06] [build-stdout] Extracting /Users/alancolver/dev/keyfate/frontend/src/lib/payment/providers/BTCPayProvider.ts
[2026-07-10 17:31:06] [build-stdout] Done extracting /Users/alancolver/dev/keyfate/frontend/src/lib/payment/providers/BTCPayProvider.ts (32 ms)
[2026-07-10 17:31:06] [build-stdout] Extracting /Users/alancolver/dev/keyfate/frontend/src/lib/payment/providers/StripeProvider.ts
[2026-07-10 17:31:06] [build-stdout] Done extracting /Users/alancolver/dev/keyfate/frontend/src/lib/payment/providers/StripeProvider.ts (22 ms)
[2026-07-10 17:31:06] [build-stdout] Extracting /Users/alancolver/dev/keyfate/frontend/src/routes/(admin)/admin/+layout.server.ts
[2026-07-10 17:31:06] [build-stdout] Done extracting /Users/alancolver/dev/keyfate/frontend/src/routes/(admin)/admin/+layout.server.ts (1 ms)
[2026-07-10 17:31:06] [build-stdout] Extracting /Users/alancolver/dev/keyfate/frontend/src/routes/(admin)/admin/+page.server.ts
[2026-07-10 17:31:06] [build-stdout] Done extracting /Users/alancolver/dev/keyfate/frontend/src/routes/(admin)/admin/+page.server.ts (3 ms)
[2026-07-10 17:31:06] [build-stdout] Extracting /Users/alancolver/dev/keyfate/frontend/src/routes/(authenticated)/audit-logs/+page.server.ts
[2026-07-10 17:31:06] [build-stdout] Done extracting /Users/alancolver/dev/keyfate/frontend/src/routes/(authenticated)/audit-logs/+page.server.ts (1 ms)
[2026-07-10 17:31:06] [build-stdout] Extracting /Users/alancolver/dev/keyfate/frontend/src/routes/(authenticated)/dashboard/+page.server.ts
[2026-07-10 17:31:06] [build-stdout] Done extracting /Users/alancolver/dev/keyfate/frontend/src/routes/(authenticated)/dashboard/+page.server.ts (2 ms)
[2026-07-10 17:31:06] [build-stdout] Extracting /Users/alancolver/dev/keyfate/frontend/src/routes/(authenticated)/settings/+page.server.ts
[2026-07-10 17:31:06] [build-stdout] Done extracting /Users/alancolver/dev/keyfate/frontend/src/routes/(authenticated)/settings/+page.server.ts (0 ms)
[2026-07-10 17:31:06] [build-stdout] Extracting /Users/alancolver/dev/keyfate/frontend/src/routes/(main)/pricing/+page.server.ts
[2026-07-10 17:31:06] [build-stdout] Done extracting /Users/alancolver/dev/keyfate/frontend/src/routes/(main)/pricing/+page.server.ts (2 ms)
[2026-07-10 17:31:06] [build-stdout] Extracting /Users/alancolver/dev/keyfate/frontend/src/routes/api/audit-logs/+server.ts
[2026-07-10 17:31:06] [build-stdout] Done extracting /Users/alancolver/dev/keyfate/frontend/src/routes/api/audit-logs/+server.ts (8 ms)
[2026-07-10 17:31:06] [build-stdout] Extracting /Users/alancolver/dev/keyfate/frontend/src/routes/api/check-in/+server.ts
[2026-07-10 17:31:06] [build-stdout] Done extracting /Users/alancolver/dev/keyfate/frontend/src/routes/api/check-in/+server.ts (14 ms)
[2026-07-10 17:31:06] [build-stdout] Extracting /Users/alancolver/dev/keyfate/frontend/src/routes/api/config/+server.ts
[2026-07-10 17:31:06] [build-stdout] Done extracting /Users/alancolver/dev/keyfate/frontend/src/routes/api/config/+server.ts (2 ms)
[2026-07-10 17:31:06] [build-stdout] Extracting /Users/alancolver/dev/keyfate/frontend/src/routes/api/create-btcpay-checkout/+server.ts
[2026-07-10 17:31:06] [build-stdout] Done extracting /Users/alancolver/dev/keyfate/frontend/src/routes/api/create-btcpay-checkout/+server.ts (7 ms)
[2026-07-10 17:31:06] [build-stdout] Extracting /Users/alancolver/dev/keyfate/frontend/src/routes/api/create-checkout-session/+server.ts
[2026-07-10 17:31:06] [build-stdout] Done extracting /Users/alancolver/dev/keyfate/frontend/src/routes/api/create-checkout-session/+server.ts (9 ms)
[2026-07-10 17:31:06] [build-stdout] Extracting /Users/alancolver/dev/keyfate/frontend/src/routes/api/create-portal-session/+server.ts
[2026-07-10 17:31:06] [build-stdout] Done extracting /Users/alancolver/dev/keyfate/frontend/src/routes/api/create-portal-session/+server.ts (3 ms)
[2026-07-10 17:31:06] [build-stdout] Extracting /Users/alancolver/dev/keyfate/frontend/src/routes/api/csrf-token/+server.ts
[2026-07-10 17:31:06] [build-stdout] Done extracting /Users/alancolver/dev/keyfate/frontend/src/routes/api/csrf-token/+server.ts (2 ms)
[2026-07-10 17:31:06] [build-stdout] Extracting /Users/alancolver/dev/keyfate/frontend/src/routes/api/decrypt/+server.ts
[2026-07-10 17:31:06] [build-stdout] Done extracting /Users/alancolver/dev/keyfate/frontend/src/routes/api/decrypt/+server.ts (2 ms)
[2026-07-10 17:31:06] [build-stdout] Extracting /Users/alancolver/dev/keyfate/frontend/src/routes/api/encrypt/+server.ts
[2026-07-10 17:31:06] [build-stdout] Done extracting /Users/alancolver/dev/keyfate/frontend/src/routes/api/encrypt/+server.ts (2 ms)
[2026-07-10 17:31:06] [build-stdout] Extracting /Users/alancolver/dev/keyfate/frontend/src/routes/api/health/+server.ts
[2026-07-10 17:31:06] [build-stdout] Done extracting /Users/alancolver/dev/keyfate/frontend/src/routes/api/health/+server.ts (6 ms)
[2026-07-10 17:31:06] [build-stdout] Extracting /Users/alancolver/dev/keyfate/frontend/src/routes/api/secrets/+server.ts
[2026-07-10 17:31:06] [build-stdout] Done extracting /Users/alancolver/dev/keyfate/frontend/src/routes/api/secrets/+server.ts (15 ms)
[2026-07-10 17:31:06] [build-stdout] Extracting /Users/alancolver/dev/keyfate/frontend/src/routes/blog/[slug]/+page.server.ts
[2026-07-10 17:31:06] [build-stdout] Done extracting /Users/alancolver/dev/keyfate/frontend/src/routes/blog/[slug]/+page.server.ts (1 ms)
[2026-07-10 17:31:06] [build-stdout] Extracting /Users/alancolver/dev/keyfate/frontend/src/lib/api/pagination.ts
[2026-07-10 17:31:06] [build-stdout] Done extracting /Users/alancolver/dev/keyfate/frontend/src/lib/api/pagination.ts (12 ms)
[2026-07-10 17:31:06] [build-stdout] Extracting /Users/alancolver/dev/keyfate/frontend/src/lib/api/retry.ts
[2026-07-10 17:31:06] [build-stdout] Done extracting /Users/alancolver/dev/keyfate/frontend/src/lib/api/retry.ts (12 ms)
[2026-07-10 17:31:06] [build-stdout] Extracting /Users/alancolver/dev/keyfate/frontend/src/lib/api/validation.ts
[2026-07-10 17:31:06] [build-stdout] Done extracting /Users/alancolver/dev/keyfate/frontend/src/lib/api/validation.ts (16 ms)
[2026-07-10 17:31:06] [build-stdout] Extracting /Users/alancolver/dev/keyfate/frontend/src/lib/auth/admin-guard.ts
[2026-07-10 17:31:06] [build-stdout] Done extracting /Users/alancolver/dev/keyfate/frontend/src/lib/auth/admin-guard.ts (2 ms)
[2026-07-10 17:31:06] [build-stdout] Extracting /Users/alancolver/dev/keyfate/frontend/src/lib/auth/email-verification.ts
[2026-07-10 17:31:06] [build-stdout] Done extracting /Users/alancolver/dev/keyfate/frontend/src/lib/auth/email-verification.ts (23 ms)
[2026-07-10 17:31:06] [build-stdout] Extracting /Users/alancolver/dev/keyfate/frontend/src/lib/auth/ip-whitelist.ts
[2026-07-10 17:31:06] [build-stdout] Done extracting /Users/alancolver/dev/keyfate/frontend/src/lib/auth/ip-whitelist.ts (4 ms)
[2026-07-10 17:31:06] [build-stdout] Extracting /Users/alancolver/dev/keyfate/frontend/src/lib/auth/oauth-config-validator.ts
[2026-07-10 17:31:06] [build-stdout] Done extracting /Users/alancolver/dev/keyfate/frontend/src/lib/auth/oauth-config-validator.ts (7 ms)
[2026-07-10 17:31:06] [build-stdout] Extracting /Users/alancolver/dev/keyfate/frontend/src/lib/auth/otp.ts
[2026-07-10 17:31:06] [build-stdout] Done extracting /Users/alancolver/dev/keyfate/frontend/src/lib/auth/otp.ts (18 ms)
[2026-07-10 17:31:06] [build-stdout] Extracting /Users/alancolver/dev/keyfate/frontend/src/lib/auth/password-reset.ts
[2026-07-10 17:31:06] [build-stdout] Done extracting /Users/alancolver/dev/keyfate/frontend/src/lib/auth/password-reset.ts (8 ms)
[2026-07-10 17:31:06] [build-stdout] Extracting /Users/alancolver/dev/keyfate/frontend/src/lib/auth/password.ts
[2026-07-10 17:31:06] [build-stdout] Done extracting /Users/alancolver/dev/keyfate/frontend/src/lib/auth/password.ts (3 ms)
[2026-07-10 17:31:06] [build-stdout] Extracting /Users/alancolver/dev/keyfate/frontend/src/lib/auth/privacy-policy.ts
[2026-07-10 17:31:06] [build-stdout] Done extracting /Users/alancolver/dev/keyfate/frontend/src/lib/auth/privacy-policy.ts (5 ms)
[2026-07-10 17:31:06] [build-stdout] Extracting /Users/alancolver/dev/keyfate/frontend/src/lib/auth/rate-limiting.ts
[2026-07-10 17:31:06] [build-stdout] Done extracting /Users/alancolver/dev/keyfate/frontend/src/lib/auth/rate-limiting.ts (5 ms)
[2026-07-10 17:31:06] [build-stdout] Extracting /Users/alancolver/dev/keyfate/frontend/src/lib/auth/re-authentication.ts
[2026-07-10 17:31:06] [build-stdout] Done extracting /Users/alancolver/dev/keyfate/frontend/src/lib/auth/re-authentication.ts (3 ms)
[2026-07-10 17:31:06] [build-stdout] Extracting /Users/alancolver/dev/keyfate/frontend/src/lib/auth/redirect-callers.ts
[2026-07-10 17:31:06] [build-stdout] Done extracting /Users/alancolver/dev/keyfate/frontend/src/lib/auth/redirect-callers.ts (3 ms)
[2026-07-10 17:31:06] [build-stdout] Extracting /Users/alancolver/dev/keyfate/frontend/src/lib/auth/redirects.ts
[2026-07-10 17:31:06] [build-stdout] Done extracting /Users/alancolver/dev/keyfate/frontend/src/lib/auth/redirects.ts (2 ms)
[2026-07-10 17:31:06] [build-stdout] Extracting /Users/alancolver/dev/keyfate/frontend/src/lib/auth/require-email-verification.ts
[2026-07-10 17:31:06] [build-stdout] Done extracting /Users/alancolver/dev/keyfate/frontend/src/lib/auth/require-email-verification.ts (3 ms)
[2026-07-10 17:31:06] [build-stdout] Extracting /Users/alancolver/dev/keyfate/frontend/src/lib/auth/session-management.ts
[2026-07-10 17:31:06] [build-stdout] Done extracting /Users/alancolver/dev/keyfate/frontend/src/lib/auth/session-management.ts (8 ms)
[2026-07-10 17:31:06] [build-stdout] Extracting /Users/alancolver/dev/keyfate/frontend/src/lib/auth/token-utils.ts
[2026-07-10 17:31:06] [build-stdout] Done extracting /Users/alancolver/dev/keyfate/frontend/src/lib/auth/token-utils.ts (2 ms)
[2026-07-10 17:31:06] [build-stdout] Extracting /Users/alancolver/dev/keyfate/frontend/src/lib/auth/turnstile.ts
[2026-07-10 17:31:06] [build-stdout] Done extracting /Users/alancolver/dev/keyfate/frontend/src/lib/auth/turnstile.ts (2 ms)
[2026-07-10 17:31:06] [build-stdout] Extracting /Users/alancolver/dev/keyfate/frontend/src/lib/auth/user-verification.ts
[2026-07-10 17:31:06] [build-stdout] Done extracting /Users/alancolver/dev/keyfate/frontend/src/lib/auth/user-verification.ts (6 ms)
[2026-07-10 17:31:06] [build-stdout] Extracting /Users/alancolver/dev/keyfate/frontend/src/lib/auth/users.ts
[2026-07-10 17:31:06] [build-stdout] Done extracting /Users/alancolver/dev/keyfate/frontend/src/lib/auth/users.ts (9 ms)
[2026-07-10 17:31:06] [build-stdout] Extracting /Users/alancolver/dev/keyfate/frontend/src/lib/auth/validate-env.ts
[2026-07-10 17:31:06] [build-stdout] Done extracting /Users/alancolver/dev/keyfate/frontend/src/lib/auth/validate-env.ts (3 ms)
[2026-07-10 17:31:06] [build-stdout] Extracting /Users/alancolver/dev/keyfate/frontend/src/lib/bitcoin/broadcast.ts
[2026-07-10 17:31:06] [build-stdout] Done extracting /Users/alancolver/dev/keyfate/frontend/src/lib/bitcoin/broadcast.ts (9 ms)
[2026-07-10 17:31:06] [build-stdout] Extracting /Users/alancolver/dev/keyfate/frontend/src/lib/bitcoin/client-operations.ts
[2026-07-10 17:31:06] [build-stdout] Done extracting /Users/alancolver/dev/keyfate/frontend/src/lib/bitcoin/client-operations.ts (7 ms)
[2026-07-10 17:31:06] [build-stdout] Extracting /Users/alancolver/dev/keyfate/frontend/src/lib/bitcoin/client-wallet.ts
[2026-07-10 17:31:06] [build-stdout] Done extracting /Users/alancolver/dev/keyfate/frontend/src/lib/bitcoin/client-wallet.ts (5 ms)
[2026-07-10 17:31:06] [build-stdout] Extracting /Users/alancolver/dev/keyfate/frontend/src/lib/bitcoin/fee-estimation.ts
[2026-07-10 17:31:06] [build-stdout] Done extracting /Users/alancolver/dev/keyfate/frontend/src/lib/bitcoin/fee-estimation.ts (4 ms)
[2026-07-10 17:31:06] [build-stdout] Extracting /Users/alancolver/dev/keyfate/frontend/src/lib/bitcoin/index.ts
[2026-07-10 17:31:06] [build-stdout] Done extracting /Users/alancolver/dev/keyfate/frontend/src/lib/bitcoin/index.ts (1 ms)
[2026-07-10 17:31:06] [build-stdout] Extracting /Users/alancolver/dev/keyfate/frontend/src/lib/bitcoin/refresh.ts
[2026-07-10 17:31:06] [build-stdout] Done extracting /Users/alancolver/dev/keyfate/frontend/src/lib/bitcoin/refresh.ts (6 ms)
[2026-07-10 17:31:06] [build-stdout] Extracting /Users/alancolver/dev/keyfate/frontend/src/lib/bitcoin/script.ts
[2026-07-10 17:31:06] [build-stdout] Done extracting /Users/alancolver/dev/keyfate/frontend/src/lib/bitcoin/script.ts (9 ms)
[2026-07-10 17:31:06] [build-stdout] Extracting /Users/alancolver/dev/keyfate/frontend/src/lib/bitcoin/transaction.ts
[2026-07-10 17:31:06] [build-stdout] Done extracting /Users/alancolver/dev/keyfate/frontend/src/lib/bitcoin/transaction.ts (10 ms)
[2026-07-10 17:31:06] [build-stdout] Extracting /Users/alancolver/dev/keyfate/frontend/src/lib/blog/posts.ts
[2026-07-10 17:31:06] [build-stdout] Done extracting /Users/alancolver/dev/keyfate/frontend/src/lib/blog/posts.ts (29 ms)
[2026-07-10 17:31:06] [build-stdout] Extracting /Users/alancolver/dev/keyfate/frontend/src/lib/blog/types.ts
[2026-07-10 17:31:06] [build-stdout] Done extracting /Users/alancolver/dev/keyfate/frontend/src/lib/blog/types.ts (1 ms)
[2026-07-10 17:31:06] [build-stdout] Extracting /Users/alancolver/dev/keyfate/frontend/src/lib/constants/message-templates.ts
[2026-07-10 17:31:06] [build-stdout] Done extracting /Users/alancolver/dev/keyfate/frontend/src/lib/constants/message-templates.ts (3 ms)
[2026-07-10 17:31:06] [build-stdout] Extracting /Users/alancolver/dev/keyfate/frontend/src/lib/constants/pro-features.ts
[2026-07-10 17:31:06] [build-stdout] Done extracting /Users/alancolver/dev/keyfate/frontend/src/lib/constants/pro-features.ts (3 ms)
[2026-07-10 17:31:06] [build-stdout] Extracting /Users/alancolver/dev/keyfate/frontend/src/lib/constants/tiers.ts
[2026-07-10 17:31:06] [build-stdout] Done extracting /Users/alancolver/dev/keyfate/frontend/src/lib/constants/tiers.ts (6 ms)
[2026-07-10 17:31:06] [build-stdout] Extracting /Users/alancolver/dev/keyfate/frontend/src/lib/cron/check-secrets.ts
[2026-07-10 17:31:06] [build-stdout] Done extracting /Users/alancolver/dev/keyfate/frontend/src/lib/cron/check-secrets.ts (29 ms)
[2026-07-10 17:31:06] [build-stdout] Extracting /Users/alancolver/dev/keyfate/frontend/src/lib/cron/cleanup-exports.ts
[2026-07-10 17:31:06] [build-stdout] Done extracting /Users/alancolver/dev/keyfate/frontend/src/lib/cron/cleanup-exports.ts (4 ms)
[2026-07-10 17:31:06] [build-stdout] Extracting /Users/alancolver/dev/keyfate/frontend/src/lib/cron/cleanup-tokens.ts
[2026-07-10 17:31:06] [build-stdout] Done extracting /Users/alancolver/dev/keyfate/frontend/src/lib/cron/cleanup-tokens.ts (2 ms)
[2026-07-10 17:31:06] [build-stdout] Extracting /Users/alancolver/dev/keyfate/frontend/src/lib/cron/confirm-utxos.ts
[2026-07-10 17:31:06] [build-stdout] Done extracting /Users/alancolver/dev/keyfate/frontend/src/lib/cron/confirm-utxos.ts (4 ms)
[2026-07-10 17:31:06] [build-stdout] Extracting /Users/alancolver/dev/keyfate/frontend/src/lib/cron/disclosure-helpers.ts
[2026-07-10 17:31:06] [build-stdout] Done extracting /Users/alancolver/dev/keyfate/frontend/src/lib/cron/disclosure-helpers.ts (2 ms)
[2026-07-10 17:31:06] [build-stdout] Extracting /Users/alancolver/dev/keyfate/frontend/src/lib/cron/process-deletions.ts
[2026-07-10 17:31:06] [build-stdout] Done extracting /Users/alancolver/dev/keyfate/frontend/src/lib/cron/process-deletions.ts (3 ms)
[2026-07-10 17:31:06] [build-stdout] Extracting /Users/alancolver/dev/keyfate/frontend/src/lib/cron/process-exports.ts
[2026-07-10 17:31:06] [build-stdout] Done extracting /Users/alancolver/dev/keyfate/frontend/src/lib/cron/process-exports.ts (6 ms)
[2026-07-10 17:31:06] [build-stdout] Extracting /Users/alancolver/dev/keyfate/frontend/src/lib/cron/process-reminders.ts
[2026-07-10 17:31:06] [build-stdout] Done extracting /Users/alancolver/dev/keyfate/frontend/src/lib/cron/process-reminders.ts (32 ms)
[2026-07-10 17:31:06] [build-stdout] Extracting /Users/alancolver/dev/keyfate/frontend/src/lib/cron/process-subscription-downgrades.ts
[2026-07-10 17:31:06] [build-stdout] Done extracting /Users/alancolver/dev/keyfate/frontend/src/lib/cron/process-subscription-downgrades.ts (5 ms)
[2026-07-10 17:31:06] [build-stdout] Extracting /Users/alancolver/dev/keyfate/frontend/src/lib/cron/scheduler.ts
[2026-07-10 17:31:06] [build-stdout] Done extracting /Users/alancolver/dev/keyfate/frontend/src/lib/cron/scheduler.ts (7 ms)
[2026-07-10 17:31:06] [build-stdout] Extracting /Users/alancolver/dev/keyfate/frontend/src/lib/cron/utils.ts
[2026-07-10 17:31:06] [build-stdout] Done extracting /Users/alancolver/dev/keyfate/frontend/src/lib/cron/utils.ts (9 ms)
[2026-07-10 17:31:06] [build-stdout] Extracting /Users/alancolver/dev/keyfate/frontend/src/lib/crypto/double-encrypt.ts
[2026-07-10 17:31:06] [build-stdout] Done extracting /Users/alancolver/dev/keyfate/frontend/src/lib/crypto/double-encrypt.ts (3 ms)
[2026-07-10 17:31:06] [build-stdout] Extracting /Users/alancolver/dev/keyfate/frontend/src/lib/crypto/hex-utils.ts
[2026-07-10 17:31:06] [build-stdout] Done extracting /Users/alancolver/dev/keyfate/frontend/src/lib/crypto/hex-utils.ts (2 ms)
[2026-07-10 17:31:06] [build-stdout] Extracting /Users/alancolver/dev/keyfate/frontend/src/lib/crypto/nip44-ops.ts
[2026-07-10 17:31:06] [build-stdout] Done extracting /Users/alancolver/dev/keyfate/frontend/src/lib/crypto/nip44-ops.ts (1 ms)
[2026-07-10 17:31:06] [build-stdout] Extracting /Users/alancolver/dev/keyfate/frontend/src/lib/crypto/passphrase.ts
[2026-07-10 17:31:06] [build-stdout] Done extracting /Users/alancolver/dev/keyfate/frontend/src/lib/crypto/passphrase.ts (3 ms)
[2026-07-10 17:31:06] [build-stdout] Extracting /Users/alancolver/dev/keyfate/frontend/src/lib/crypto/recovery-flows.ts
[2026-07-10 17:31:06] [build-stdout] Done extracting /Users/alancolver/dev/keyfate/frontend/src/lib/crypto/recovery-flows.ts (16 ms)
[2026-07-10 17:31:06] [build-stdout] Extracting /Users/alancolver/dev/keyfate/frontend/src/lib/crypto/recovery.ts
[2026-07-10 17:31:06] [build-stdout] Done extracting /Users/alancolver/dev/keyfate/frontend/src/lib/crypto/recovery.ts (3 ms)
[2026-07-10 17:31:06] [build-stdout] Extracting /Users/alancolver/dev/keyfate/frontend/src/lib/crypto/symmetric.ts
[2026-07-10 17:31:06] [build-stdout] Done extracting /Users/alancolver/dev/keyfate/frontend/src/lib/crypto/symmetric.ts (3 ms)
[2026-07-10 17:31:06] [build-stdout] Extracting /Users/alancolver/dev/keyfate/frontend/src/lib/crypto/timing-safe.ts
[2026-07-10 17:31:06] [build-stdout] Done extracting /Users/alancolver/dev/keyfate/frontend/src/lib/crypto/timing-safe.ts (2 ms)
[2026-07-10 17:31:06] [build-stdout] Extracting /Users/alancolver/dev/keyfate/frontend/src/lib/db/connection-manager.ts
[2026-07-10 17:31:06] [build-stdout] Done extracting /Users/alancolver/dev/keyfate/frontend/src/lib/db/connection-manager.ts (21 ms)
[2026-07-10 17:31:06] [build-stdout] Extracting /Users/alancolver/dev/keyfate/frontend/src/lib/db/connection-parser.ts
[2026-07-10 17:31:06] [build-stdout] Done extracting /Users/alancolver/dev/keyfate/frontend/src/lib/db/connection-parser.ts (6 ms)
[2026-07-10 17:31:06] [build-stdout] Extracting /Users/alancolver/dev/keyfate/frontend/src/lib/db/connection.ts
[2026-07-10 17:31:06] [build-stdout] Done extracting /Users/alancolver/dev/keyfate/frontend/src/lib/db/connection.ts (11 ms)
[2026-07-10 17:31:06] [build-stdout] Extracting /Users/alancolver/dev/keyfate/frontend/src/lib/db/drizzle.ts
[2026-07-10 17:31:06] [build-stdout] Done extracting /Users/alancolver/dev/keyfate/frontend/src/lib/db/drizzle.ts (6 ms)
[2026-07-10 17:31:06] [build-stdout] Extracting /Users/alancolver/dev/keyfate/frontend/src/lib/db/get-database.ts
[2026-07-10 17:31:06] [build-stdout] Done extracting /Users/alancolver/dev/keyfate/frontend/src/lib/db/get-database.ts (3 ms)
[2026-07-10 17:31:06] [build-stdout] Extracting /Users/alancolver/dev/keyfate/frontend/src/lib/db/index.ts
[2026-07-10 17:31:06] [build-stdout] Done extracting /Users/alancolver/dev/keyfate/frontend/src/lib/db/index.ts (2 ms)
[2026-07-10 17:31:06] [build-stdout] Extracting /Users/alancolver/dev/keyfate/frontend/src/lib/db/migrate.ts
[2026-07-10 17:31:06] [build-stdout] Done extracting /Users/alancolver/dev/keyfate/frontend/src/lib/db/migrate.ts (2 ms)
[2026-07-10 17:31:06] [build-stdout] Extracting /Users/alancolver/dev/keyfate/frontend/src/lib/db/operations.ts
[2026-07-10 17:31:06] [build-stdout] Done extracting /Users/alancolver/dev/keyfate/frontend/src/lib/db/operations.ts (8 ms)
[2026-07-10 17:31:06] [build-stdout] Extracting /Users/alancolver/dev/keyfate/frontend/src/lib/db/schema.ts
[2026-07-10 17:31:06] [build-stdout] Done extracting /Users/alancolver/dev/keyfate/frontend/src/lib/db/schema.ts (56 ms)
[2026-07-10 17:31:06] [build-stdout] Extracting /Users/alancolver/dev/keyfate/frontend/src/lib/db/secret-mapper.ts
[2026-07-10 17:31:06] [build-stdout] Done extracting /Users/alancolver/dev/keyfate/frontend/src/lib/db/secret-mapper.ts (6 ms)
[2026-07-10 17:31:06] [build-stdout] Extracting /Users/alancolver/dev/keyfate/frontend/src/lib/db/secrets-service-robust.ts
[2026-07-10 17:31:06] [build-stdout] Done extracting /Users/alancolver/dev/keyfate/frontend/src/lib/db/secrets-service-robust.ts (6 ms)
[2026-07-10 17:31:06] [build-stdout] Extracting /Users/alancolver/dev/keyfate/frontend/src/lib/email/admin-notification-service.ts
[2026-07-10 17:31:06] [build-stdout] Done extracting /Users/alancolver/dev/keyfate/frontend/src/lib/email/admin-notification-service.ts (9 ms)
[2026-07-10 17:31:06] [build-stdout] Extracting /Users/alancolver/dev/keyfate/frontend/src/lib/email/config.ts
[2026-07-10 17:31:06] [build-stdout] Done extracting /Users/alancolver/dev/keyfate/frontend/src/lib/email/config.ts (9 ms)
[2026-07-10 17:31:06] [build-stdout] Extracting /Users/alancolver/dev/keyfate/frontend/src/lib/email/constants.ts
[2026-07-10 17:31:06] [build-stdout] Done extracting /Users/alancolver/dev/keyfate/frontend/src/lib/email/constants.ts (1 ms)
[2026-07-10 17:31:06] [build-stdout] Extracting /Users/alancolver/dev/keyfate/frontend/src/lib/email/dead-letter-queue.ts
[2026-07-10 17:31:06] [build-stdout] Done extracting /Users/alancolver/dev/keyfate/frontend/src/lib/email/dead-letter-queue.ts (17 ms)
[2026-07-10 17:31:06] [build-stdout] Extracting /Users/alancolver/dev/keyfate/frontend/src/lib/email/email-config.ts
[2026-07-10 17:31:06] [build-stdout] Done extracting /Users/alancolver/dev/keyfate/frontend/src/lib/email/email-config.ts (12 ms)
[2026-07-10 17:31:06] [build-stdout] Extracting /Users/alancolver/dev/keyfate/frontend/src/lib/email/email-factory.ts
[2026-07-10 17:31:06] [build-stdout] Done extracting /Users/alancolver/dev/keyfate/frontend/src/lib/email/email-factory.ts (3 ms)
[2026-07-10 17:31:06] [build-stdout] Extracting /Users/alancolver/dev/keyfate/frontend/src/lib/email/email-failure-logger.ts
[2026-07-10 17:31:06] [build-stdout] Done extracting /Users/alancolver/dev/keyfate/frontend/src/lib/email/email-failure-logger.ts (7 ms)
[2026-07-10 17:31:06] [build-stdout] Extracting /Users/alancolver/dev/keyfate/frontend/src/lib/email/email-retry-service.ts
[2026-07-10 17:31:06] [build-stdout] Done extracting /Users/alancolver/dev/keyfate/frontend/src/lib/email/email-retry-service.ts (13 ms)
[2026-07-10 17:31:06] [build-stdout] Extracting /Users/alancolver/dev/keyfate/frontend/src/lib/email/email-service.ts
[2026-07-10 17:31:06] [build-stdout] Done extracting /Users/alancolver/dev/keyfate/frontend/src/lib/email/email-service.ts (28 ms)
[2026-07-10 17:31:06] [build-stdout] Extracting /Users/alancolver/dev/keyfate/frontend/src/lib/email/templates.ts
[2026-07-10 17:31:06] [build-stdout] Done extracting /Users/alancolver/dev/keyfate/frontend/src/lib/email/templates.ts (30 ms)
[2026-07-10 17:31:06] [build-stdout] Extracting /Users/alancolver/dev/keyfate/frontend/src/lib/errors/api-error.ts
[2026-07-10 17:31:06] [build-stdout] Done extracting /Users/alancolver/dev/keyfate/frontend/src/lib/errors/api-error.ts (14 ms)
[2026-07-10 17:31:06] [build-stdout] Extracting /Users/alancolver/dev/keyfate/frontend/src/lib/gdpr/deletion-service.ts
[2026-07-10 17:31:06] [build-stdout] Done extracting /Users/alancolver/dev/keyfate/frontend/src/lib/gdpr/deletion-service.ts (14 ms)
[2026-07-10 17:31:06] [build-stdout] Extracting /Users/alancolver/dev/keyfate/frontend/src/lib/gdpr/export-service.ts
[2026-07-10 17:31:06] [build-stdout] Done extracting /Users/alancolver/dev/keyfate/frontend/src/lib/gdpr/export-service.ts (14 ms)
[2026-07-10 17:31:06] [build-stdout] Extracting /Users/alancolver/dev/keyfate/frontend/src/lib/monitoring/cron-monitor.ts
[2026-07-10 17:31:06] [build-stdout] Done extracting /Users/alancolver/dev/keyfate/frontend/src/lib/monitoring/cron-monitor.ts (15 ms)
[2026-07-10 17:31:06] [build-stdout] Extracting /Users/alancolver/dev/keyfate/frontend/src/lib/nostr/client.ts
[2026-07-10 17:31:06] [build-stdout] Done extracting /Users/alancolver/dev/keyfate/frontend/src/lib/nostr/client.ts (4 ms)
[2026-07-10 17:31:06] [build-stdout] Extracting /Users/alancolver/dev/keyfate/frontend/src/lib/nostr/encryption.ts
[2026-07-10 17:31:06] [build-stdout] Done extracting /Users/alancolver/dev/keyfate/frontend/src/lib/nostr/encryption.ts (1 ms)
[2026-07-10 17:31:06] [build-stdout] Extracting /Users/alancolver/dev/keyfate/frontend/src/lib/nostr/gift-wrap.ts
[2026-07-10 17:31:07] [build-stdout] Done extracting /Users/alancolver/dev/keyfate/frontend/src/lib/nostr/gift-wrap.ts (4 ms)
[2026-07-10 17:31:07] [build-stdout] Extracting /Users/alancolver/dev/keyfate/frontend/src/lib/nostr/keypair.ts
[2026-07-10 17:31:07] [build-stdout] Done extracting /Users/alancolver/dev/keyfate/frontend/src/lib/nostr/keypair.ts (2 ms)
[2026-07-10 17:31:07] [build-stdout] Extracting /Users/alancolver/dev/keyfate/frontend/src/lib/nostr/relay-config.ts
[2026-07-10 17:31:07] [build-stdout] Done extracting /Users/alancolver/dev/keyfate/frontend/src/lib/nostr/relay-config.ts (3 ms)
[2026-07-10 17:31:07] [build-stdout] Extracting /Users/alancolver/dev/keyfate/frontend/src/lib/payment/PaymentProviderFactory.ts
[2026-07-10 17:31:07] [build-stdout] Done extracting /Users/alancolver/dev/keyfate/frontend/src/lib/payment/PaymentProviderFactory.ts (2 ms)
[2026-07-10 17:31:07] [build-stdout] Extracting /Users/alancolver/dev/keyfate/frontend/src/lib/payment/index.ts
[2026-07-10 17:31:07] [build-stdout] Done extracting /Users/alancolver/dev/keyfate/frontend/src/lib/payment/index.ts (1 ms)
[2026-07-10 17:31:07] [build-stdout] Extracting /Users/alancolver/dev/keyfate/frontend/src/lib/schemas/secret.ts
[2026-07-10 17:31:07] [build-stdout] Done extracting /Users/alancolver/dev/keyfate/frontend/src/lib/schemas/secret.ts (9 ms)
[2026-07-10 17:31:07] [build-stdout] Extracting /Users/alancolver/dev/keyfate/frontend/src/lib/server/auth.ts
[2026-07-10 17:31:07] [build-stdout] Done extracting /Users/alancolver/dev/keyfate/frontend/src/lib/server/auth.ts (2 ms)
[2026-07-10 17:31:07] [build-stdout] Extracting /Users/alancolver/dev/keyfate/frontend/src/lib/services/audit-logger.ts
[2026-07-10 17:31:07] [build-stdout] Done extracting /Users/alancolver/dev/keyfate/frontend/src/lib/services/audit-logger.ts (9 ms)
[2026-07-10 17:31:07] [build-stdout] Extracting /Users/alancolver/dev/keyfate/frontend/src/lib/services/bitcoin-service.ts
[2026-07-10 17:31:07] [build-stdout] Done extracting /Users/alancolver/dev/keyfate/frontend/src/lib/services/bitcoin-service.ts (17 ms)
[2026-07-10 17:31:07] [build-stdout] Extracting /Users/alancolver/dev/keyfate/frontend/src/lib/services/nostr-publisher.ts
[2026-07-10 17:31:07] [build-stdout] Done extracting /Users/alancolver/dev/keyfate/frontend/src/lib/services/nostr-publisher.ts (6 ms)
[2026-07-10 17:31:07] [build-stdout] Extracting /Users/alancolver/dev/keyfate/frontend/src/lib/services/payment-records.ts
[2026-07-10 17:31:07] [build-stdout] Done extracting /Users/alancolver/dev/keyfate/frontend/src/lib/services/payment-records.ts (5 ms)
[2026-07-10 17:31:07] [build-stdout] Extracting /Users/alancolver/dev/keyfate/frontend/src/lib/services/reminder-scheduler.ts
[2026-07-10 17:31:07] [build-stdout] Done extracting /Users/alancolver/dev/keyfate/frontend/src/lib/services/reminder-scheduler.ts (10 ms)
[2026-07-10 17:31:07] [build-stdout] Extracting /Users/alancolver/dev/keyfate/frontend/src/lib/services/smtp-service.ts
[2026-07-10 17:31:07] [build-stdout] Done extracting /Users/alancolver/dev/keyfate/frontend/src/lib/services/smtp-service.ts (10 ms)
[2026-07-10 17:31:07] [build-stdout] Extracting /Users/alancolver/dev/keyfate/frontend/src/lib/services/subscription-lifecycle.ts
[2026-07-10 17:31:07] [build-stdout] Done extracting /Users/alancolver/dev/keyfate/frontend/src/lib/services/subscription-lifecycle.ts (25 ms)
[2026-07-10 17:31:07] [build-stdout] Extracting /Users/alancolver/dev/keyfate/frontend/src/lib/services/subscription-service.ts
[2026-07-10 17:31:07] [build-stdout] Done extracting /Users/alancolver/dev/keyfate/frontend/src/lib/services/subscription-service.ts (6 ms)
[2026-07-10 17:31:07] [build-stdout] Extracting /Users/alancolver/dev/keyfate/frontend/src/lib/services/subscription-service.types.ts
[2026-07-10 17:31:07] [build-stdout] Done extracting /Users/alancolver/dev/keyfate/frontend/src/lib/services/subscription-service.types.ts (1 ms)
[2026-07-10 17:31:07] [build-stdout] Extracting /Users/alancolver/dev/keyfate/frontend/src/lib/services/tier-service.ts
[2026-07-10 17:31:07] [build-stdout] Done extracting /Users/alancolver/dev/keyfate/frontend/src/lib/services/tier-service.ts (8 ms)
[2026-07-10 17:31:07] [build-stdout] Extracting /Users/alancolver/dev/keyfate/frontend/src/lib/services/webhook-handlers.ts
[2026-07-10 17:31:07] [build-stdout] Done extracting /Users/alancolver/dev/keyfate/frontend/src/lib/services/webhook-handlers.ts (16 ms)
[2026-07-10 17:31:07] [build-stdout] Extracting /Users/alancolver/dev/keyfate/frontend/src/lib/stores/subscription-cache.ts
[2026-07-10 17:31:07] [build-stdout] Done extracting /Users/alancolver/dev/keyfate/frontend/src/lib/stores/subscription-cache.ts (2 ms)
[2026-07-10 17:31:07] [build-stdout] Extracting /Users/alancolver/dev/keyfate/frontend/src/lib/types/database.types.ts
[2026-07-10 17:31:07] [build-stdout] Done extracting /Users/alancolver/dev/keyfate/frontend/src/lib/types/database.types.ts (2 ms)
[2026-07-10 17:31:07] [build-stdout] Extracting /Users/alancolver/dev/keyfate/frontend/src/lib/types/index.d.ts
[2026-07-10 17:31:07] [build-stdout] Done extracting /Users/alancolver/dev/keyfate/frontend/src/lib/types/index.d.ts (3 ms)
[2026-07-10 17:31:07] [build-stdout] Extracting /Users/alancolver/dev/keyfate/frontend/src/lib/types/secret-types.ts
[2026-07-10 17:31:07] [build-stdout] Done extracting /Users/alancolver/dev/keyfate/frontend/src/lib/types/secret-types.ts (1 ms)
[2026-07-10 17:31:07] [build-stdout] Extracting /Users/alancolver/dev/keyfate/frontend/src/lib/types/shamirs-secret-sharing.d.ts
[2026-07-10 17:31:07] [build-stdout] Done extracting /Users/alancolver/dev/keyfate/frontend/src/lib/types/shamirs-secret-sharing.d.ts (0 ms)
[2026-07-10 17:31:07] [build-stdout] Extracting /Users/alancolver/dev/keyfate/frontend/src/lib/types/subscription.ts
[2026-07-10 17:31:07] [build-stdout] Done extracting /Users/alancolver/dev/keyfate/frontend/src/lib/types/subscription.ts (5 ms)
[2026-07-10 17:31:07] [build-stdout] Extracting /Users/alancolver/dev/keyfate/frontend/src/lib/types/timeago.js.d.ts
[2026-07-10 17:31:07] [build-stdout] Done extracting /Users/alancolver/dev/keyfate/frontend/src/lib/types/timeago.js.d.ts (1 ms)
[2026-07-10 17:31:07] [build-stdout] Extracting /Users/alancolver/dev/keyfate/frontend/src/lib/types/types.ts
[2026-07-10 17:31:07] [build-stdout] Done extracting /Users/alancolver/dev/keyfate/frontend/src/lib/types/types.ts (29 ms)
[2026-07-10 17:31:07] [build-stdout] Extracting /Users/alancolver/dev/keyfate/frontend/src/lib/types/webhook-types.ts
[2026-07-10 17:31:07] [build-stdout] Done extracting /Users/alancolver/dev/keyfate/frontend/src/lib/types/webhook-types.ts (2 ms)
[2026-07-10 17:31:07] [build-stdout] Extracting /Users/alancolver/dev/keyfate/frontend/src/lib/webhooks/deduplication.ts
[2026-07-10 17:31:07] [build-stdout] Done extracting /Users/alancolver/dev/keyfate/frontend/src/lib/webhooks/deduplication.ts (9 ms)
[2026-07-10 17:31:07] [build-stdout] Extracting /Users/alancolver/dev/keyfate/frontend/src/routes/(authenticated)/+layout.server.ts
[2026-07-10 17:31:07] [build-stdout] Done extracting /Users/alancolver/dev/keyfate/frontend/src/routes/(authenticated)/+layout.server.ts (1 ms)
[2026-07-10 17:31:07] [build-stdout] Extracting /Users/alancolver/dev/keyfate/frontend/src/routes/blog/+page.server.ts
[2026-07-10 17:31:07] [build-stdout] Done extracting /Users/alancolver/dev/keyfate/frontend/src/routes/blog/+page.server.ts (1 ms)
[2026-07-10 17:31:07] [build-stdout] Extracting /Users/alancolver/dev/keyfate/frontend/src/routes/privacy-policy/+page.server.ts
[2026-07-10 17:31:07] [build-stdout] Done extracting /Users/alancolver/dev/keyfate/frontend/src/routes/privacy-policy/+page.server.ts (1 ms)
[2026-07-10 17:31:07] [build-stdout] Extracting /Users/alancolver/dev/keyfate/frontend/src/routes/profile/+page.server.ts
[2026-07-10 17:31:07] [build-stdout] Done extracting /Users/alancolver/dev/keyfate/frontend/src/routes/profile/+page.server.ts (1 ms)
[2026-07-10 17:31:07] [build-stdout] Extracting /Users/alancolver/dev/keyfate/frontend/src/routes/recover/+page.ts
[2026-07-10 17:31:07] [build-stdout] Done extracting /Users/alancolver/dev/keyfate/frontend/src/routes/recover/+page.ts (0 ms)
[2026-07-10 17:31:07] [build-stdout] Extracting /Users/alancolver/dev/keyfate/frontend/src/routes/terms-of-service/+page.server.ts
[2026-07-10 17:31:07] [build-stdout] Done extracting /Users/alancolver/dev/keyfate/frontend/src/routes/terms-of-service/+page.server.ts (1 ms)
[2026-07-10 17:31:07] [build-stdout] Extracting /Users/alancolver/dev/keyfate/frontend/src/lib/circuit-breaker.ts
[2026-07-10 17:31:07] [build-stdout] Done extracting /Users/alancolver/dev/keyfate/frontend/src/lib/circuit-breaker.ts (5 ms)
[2026-07-10 17:31:07] [build-stdout] Extracting /Users/alancolver/dev/keyfate/frontend/src/lib/client-env.ts
[2026-07-10 17:31:07] [build-stdout] Done extracting /Users/alancolver/dev/keyfate/frontend/src/lib/client-env.ts (1 ms)
[2026-07-10 17:31:07] [build-stdout] Extracting /Users/alancolver/dev/keyfate/frontend/src/lib/csrf.ts
[2026-07-10 17:31:07] [build-stdout] Done extracting /Users/alancolver/dev/keyfate/frontend/src/lib/csrf.ts (5 ms)
[2026-07-10 17:31:07] [build-stdout] Extracting /Users/alancolver/dev/keyfate/frontend/src/lib/encryption.ts
[2026-07-10 17:31:07] [build-stdout] Done extracting /Users/alancolver/dev/keyfate/frontend/src/lib/encryption.ts (8 ms)
[2026-07-10 17:31:07] [build-stdout] Extracting /Users/alancolver/dev/keyfate/frontend/src/lib/env.ts
[2026-07-10 17:31:07] [build-stdout] Done extracting /Users/alancolver/dev/keyfate/frontend/src/lib/env.ts (3 ms)
[2026-07-10 17:31:07] [build-stdout] Extracting /Users/alancolver/dev/keyfate/frontend/src/lib/index.ts
[2026-07-10 17:31:07] [build-stdout] Done extracting /Users/alancolver/dev/keyfate/frontend/src/lib/index.ts (0 ms)
[2026-07-10 17:31:07] [build-stdout] Extracting /Users/alancolver/dev/keyfate/frontend/src/lib/logger.ts
[2026-07-10 17:31:07] [build-stdout] Done extracting /Users/alancolver/dev/keyfate/frontend/src/lib/logger.ts (10 ms)
[2026-07-10 17:31:07] [build-stdout] Extracting /Users/alancolver/dev/keyfate/frontend/src/lib/pricing.ts
[2026-07-10 17:31:07] [build-stdout] Done extracting /Users/alancolver/dev/keyfate/frontend/src/lib/pricing.ts (2 ms)
[2026-07-10 17:31:07] [build-stdout] Extracting /Users/alancolver/dev/keyfate/frontend/src/lib/rate-limit-db.ts
[2026-07-10 17:31:07] [build-stdout] Done extracting /Users/alancolver/dev/keyfate/frontend/src/lib/rate-limit-db.ts (5 ms)
[2026-07-10 17:31:07] [build-stdout] Extracting /Users/alancolver/dev/keyfate/frontend/src/lib/rate-limit.ts
[2026-07-10 17:31:07] [build-stdout] Done extracting /Users/alancolver/dev/keyfate/frontend/src/lib/rate-limit.ts (3 ms)
[2026-07-10 17:31:07] [build-stdout] Extracting /Users/alancolver/dev/keyfate/frontend/src/lib/request-context.ts
[2026-07-10 17:31:07] [build-stdout] Done extracting /Users/alancolver/dev/keyfate/frontend/src/lib/request-context.ts (1 ms)
[2026-07-10 17:31:07] [build-stdout] Extracting /Users/alancolver/dev/keyfate/frontend/src/lib/server-env.ts
[2026-07-10 17:31:07] [build-stdout] Done extracting /Users/alancolver/dev/keyfate/frontend/src/lib/server-env.ts (5 ms)
[2026-07-10 17:31:07] [build-stdout] Extracting /Users/alancolver/dev/keyfate/frontend/src/lib/subscription-utils.ts
[2026-07-10 17:31:07] [build-stdout] Done extracting /Users/alancolver/dev/keyfate/frontend/src/lib/subscription-utils.ts (1 ms)
[2026-07-10 17:31:07] [build-stdout] Extracting /Users/alancolver/dev/keyfate/frontend/src/lib/subscription.ts
[2026-07-10 17:31:07] [build-stdout] Done extracting /Users/alancolver/dev/keyfate/frontend/src/lib/subscription.ts (15 ms)
[2026-07-10 17:31:07] [build-stdout] Extracting /Users/alancolver/dev/keyfate/frontend/src/lib/tier-validation.ts
[2026-07-10 17:31:07] [build-stdout] Done extracting /Users/alancolver/dev/keyfate/frontend/src/lib/tier-validation.ts (2 ms)
[2026-07-10 17:31:07] [build-stdout] Extracting /Users/alancolver/dev/keyfate/frontend/src/lib/time-utils.ts
[2026-07-10 17:31:07] [build-stdout] Done extracting /Users/alancolver/dev/keyfate/frontend/src/lib/time-utils.ts (5 ms)
[2026-07-10 17:31:07] [build-stdout] Extracting /Users/alancolver/dev/keyfate/frontend/src/lib/utils.ts
[2026-07-10 17:31:07] [build-stdout] Done extracting /Users/alancolver/dev/keyfate/frontend/src/lib/utils.ts (1 ms)
[2026-07-10 17:31:07] [build-stdout] Extracting /Users/alancolver/dev/keyfate/frontend/src/routes/+layout.server.ts
[2026-07-10 17:31:07] [build-stdout] Done extracting /Users/alancolver/dev/keyfate/frontend/src/routes/+layout.server.ts (0 ms)
[2026-07-10 17:31:07] [build-stdout] Extracting /Users/alancolver/dev/keyfate/frontend/src/test/factories.ts
[2026-07-10 17:31:07] [build-stdout] Done extracting /Users/alancolver/dev/keyfate/frontend/src/test/factories.ts (8 ms)
[2026-07-10 17:31:07] [build-stdout] Extracting /Users/alancolver/dev/keyfate/frontend/src/test/helpers.ts
[2026-07-10 17:31:07] [build-stdout] Done extracting /Users/alancolver/dev/keyfate/frontend/src/test/helpers.ts (6 ms)
[2026-07-10 17:31:07] [build-stdout] Extracting /Users/alancolver/dev/keyfate/frontend/src/test/setup.ts
[2026-07-10 17:31:07] [build-stdout] Done extracting /Users/alancolver/dev/keyfate/frontend/src/test/setup.ts (5 ms)
[2026-07-10 17:31:07] [build-stdout] Extracting /Users/alancolver/dev/keyfate/frontend/src/app.d.ts
[2026-07-10 17:31:07] [build-stdout] Done extracting /Users/alancolver/dev/keyfate/frontend/src/app.d.ts (1 ms)
[2026-07-10 17:31:07] [build-stdout] Extracting /Users/alancolver/dev/keyfate/frontend/src/auth.ts
[2026-07-10 17:31:07] [build-stdout] Done extracting /Users/alancolver/dev/keyfate/frontend/src/auth.ts (22 ms)
[2026-07-10 17:31:07] [build-stdout] Extracting /Users/alancolver/dev/keyfate/frontend/src/hooks.server.ts
[2026-07-10 17:31:07] [build-stdout] Done extracting /Users/alancolver/dev/keyfate/frontend/src/hooks.server.ts (5 ms)
[2026-07-10 17:31:07] [build-stderr] No externs trap cache found
[2026-07-10 17:31:07] [build-stdout] Extracting /opt/homebrew/Caskroom/codeql/2.26.0/codeql/javascript/tools/data/externs/nodejs/constants.js
[2026-07-10 17:31:07] [build-stdout] Extracting /opt/homebrew/Caskroom/codeql/2.26.0/codeql/javascript/tools/data/externs/nodejs/net.js
[2026-07-10 17:31:07] [build-stdout] Done extracting /opt/homebrew/Caskroom/codeql/2.26.0/codeql/javascript/tools/data/externs/nodejs/net.js (23 ms)
[2026-07-10 17:31:07] [build-stdout] Extracting /opt/homebrew/Caskroom/codeql/2.26.0/codeql/javascript/tools/data/externs/nodejs/globals.js
[2026-07-10 17:31:07] [build-stdout] Done extracting /opt/homebrew/Caskroom/codeql/2.26.0/codeql/javascript/tools/data/externs/nodejs/constants.js (50 ms)
[2026-07-10 17:31:07] [build-stdout] Extracting /opt/homebrew/Caskroom/codeql/2.26.0/codeql/javascript/tools/data/externs/nodejs/events.js
[2026-07-10 17:31:07] [build-stdout] Done extracting /opt/homebrew/Caskroom/codeql/2.26.0/codeql/javascript/tools/data/externs/nodejs/events.js (4 ms)
[2026-07-10 17:31:07] [build-stdout] Extracting /opt/homebrew/Caskroom/codeql/2.26.0/codeql/javascript/tools/data/externs/nodejs/repl.js
[2026-07-10 17:31:07] [build-stdout] Done extracting /opt/homebrew/Caskroom/codeql/2.26.0/codeql/javascript/tools/data/externs/nodejs/repl.js (3 ms)
[2026-07-10 17:31:07] [build-stdout] Extracting /opt/homebrew/Caskroom/codeql/2.26.0/codeql/javascript/tools/data/externs/nodejs/util.js
[2026-07-10 17:31:07] [build-stdout] Done extracting /opt/homebrew/Caskroom/codeql/2.26.0/codeql/javascript/tools/data/externs/nodejs/util.js (7 ms)
[2026-07-10 17:31:07] [build-stdout] Extracting /opt/homebrew/Caskroom/codeql/2.26.0/codeql/javascript/tools/data/externs/nodejs/dgram.js
[2026-07-10 17:31:07] [build-stdout] Done extracting /opt/homebrew/Caskroom/codeql/2.26.0/codeql/javascript/tools/data/externs/nodejs/dgram.js (6 ms)
[2026-07-10 17:31:07] [build-stdout] Extracting /opt/homebrew/Caskroom/codeql/2.26.0/codeql/javascript/tools/data/externs/nodejs/vm.js
[2026-07-10 17:31:07] [build-stdout] Done extracting /opt/homebrew/Caskroom/codeql/2.26.0/codeql/javascript/tools/data/externs/nodejs/globals.js (52 ms)
[2026-07-10 17:31:07] [build-stdout] Extracting /opt/homebrew/Caskroom/codeql/2.26.0/codeql/javascript/tools/data/externs/nodejs/stream.js
[2026-07-10 17:31:07] [build-stdout] Done extracting /opt/homebrew/Caskroom/codeql/2.26.0/codeql/javascript/tools/data/externs/nodejs/vm.js (5 ms)
[2026-07-10 17:31:07] [build-stdout] Extracting /opt/homebrew/Caskroom/codeql/2.26.0/codeql/javascript/tools/data/externs/nodejs/child_process.js
[2026-07-10 17:31:07] [build-stdout] Done extracting /opt/homebrew/Caskroom/codeql/2.26.0/codeql/javascript/tools/data/externs/nodejs/stream.js (22 ms)
[2026-07-10 17:31:07] [build-stdout] Extracting /opt/homebrew/Caskroom/codeql/2.26.0/codeql/javascript/tools/data/externs/nodejs/assert.js
[2026-07-10 17:31:07] [build-stdout] Done extracting /opt/homebrew/Caskroom/codeql/2.26.0/codeql/javascript/tools/data/externs/nodejs/child_process.js (22 ms)
[2026-07-10 17:31:07] [build-stdout] Extracting /opt/homebrew/Caskroom/codeql/2.26.0/codeql/javascript/tools/data/externs/nodejs/os.js
[2026-07-10 17:31:07] [build-stdout] Done extracting /opt/homebrew/Caskroom/codeql/2.26.0/codeql/javascript/tools/data/externs/nodejs/assert.js (5 ms)
[2026-07-10 17:31:07] [build-stdout] Extracting /opt/homebrew/Caskroom/codeql/2.26.0/codeql/javascript/tools/data/externs/nodejs/console.js
[2026-07-10 17:31:07] [build-stdout] Done extracting /opt/homebrew/Caskroom/codeql/2.26.0/codeql/javascript/tools/data/externs/nodejs/console.js (1 ms)
[2026-07-10 17:31:07] [build-stdout] Extracting /opt/homebrew/Caskroom/codeql/2.26.0/codeql/javascript/tools/data/externs/nodejs/readline.js
[2026-07-10 17:31:07] [build-stdout] Done extracting /opt/homebrew/Caskroom/codeql/2.26.0/codeql/javascript/tools/data/externs/nodejs/os.js (7 ms)
[2026-07-10 17:31:07] [build-stdout] Extracting /opt/homebrew/Caskroom/codeql/2.26.0/codeql/javascript/tools/data/externs/nodejs/punycode.js
[2026-07-10 17:31:07] [build-stdout] Done extracting /opt/homebrew/Caskroom/codeql/2.26.0/codeql/javascript/tools/data/externs/nodejs/punycode.js (2 ms)
[2026-07-10 17:31:07] [build-stdout] Extracting /opt/homebrew/Caskroom/codeql/2.26.0/codeql/javascript/tools/data/externs/nodejs/https.js
[2026-07-10 17:31:07] [build-stdout] Done extracting /opt/homebrew/Caskroom/codeql/2.26.0/codeql/javascript/tools/data/externs/nodejs/readline.js (6 ms)
[2026-07-10 17:31:07] [build-stdout] Extracting /opt/homebrew/Caskroom/codeql/2.26.0/codeql/javascript/tools/data/externs/nodejs/domain.js
[2026-07-10 17:31:07] [build-stdout] Done extracting /opt/homebrew/Caskroom/codeql/2.26.0/codeql/javascript/tools/data/externs/nodejs/domain.js (3 ms)
[2026-07-10 17:31:07] [build-stdout] Extracting /opt/homebrew/Caskroom/codeql/2.26.0/codeql/javascript/tools/data/externs/nodejs/dns.js
[2026-07-10 17:31:07] [build-stdout] Done extracting /opt/homebrew/Caskroom/codeql/2.26.0/codeql/javascript/tools/data/externs/nodejs/https.js (5 ms)
[2026-07-10 17:31:07] [build-stdout] Extracting /opt/homebrew/Caskroom/codeql/2.26.0/codeql/javascript/tools/data/externs/nodejs/assert_legacy.js
[2026-07-10 17:31:07] [build-stdout] Done extracting /opt/homebrew/Caskroom/codeql/2.26.0/codeql/javascript/tools/data/externs/nodejs/assert_legacy.js (0 ms)
[2026-07-10 17:31:07] [build-stdout] Extracting /opt/homebrew/Caskroom/codeql/2.26.0/codeql/javascript/tools/data/externs/nodejs/tty.js
[2026-07-10 17:31:07] [build-stdout] Done extracting /opt/homebrew/Caskroom/codeql/2.26.0/codeql/javascript/tools/data/externs/nodejs/tty.js (3 ms)
[2026-07-10 17:31:07] [build-stdout] Extracting /opt/homebrew/Caskroom/codeql/2.26.0/codeql/javascript/tools/data/externs/nodejs/timers.js
[2026-07-10 17:31:07] [build-stdout] Done extracting /opt/homebrew/Caskroom/codeql/2.26.0/codeql/javascript/tools/data/externs/nodejs/dns.js (7 ms)
[2026-07-10 17:31:07] [build-stdout] Extracting /opt/homebrew/Caskroom/codeql/2.26.0/codeql/javascript/tools/data/externs/nodejs/querystring.js
[2026-07-10 17:31:07] [build-stdout] Done extracting /opt/homebrew/Caskroom/codeql/2.26.0/codeql/javascript/tools/data/externs/nodejs/timers.js (3 ms)
[2026-07-10 17:31:07] [build-stdout] Extracting /opt/homebrew/Caskroom/codeql/2.26.0/codeql/javascript/tools/data/externs/nodejs/module.js
[2026-07-10 17:31:07] [build-stdout] Done extracting /opt/homebrew/Caskroom/codeql/2.26.0/codeql/javascript/tools/data/externs/nodejs/module.js (2 ms)
[2026-07-10 17:31:07] [build-stdout] Extracting /opt/homebrew/Caskroom/codeql/2.26.0/codeql/javascript/tools/data/externs/nodejs/sys.js
[2026-07-10 17:31:07] [build-stdout] Done extracting /opt/homebrew/Caskroom/codeql/2.26.0/codeql/javascript/tools/data/externs/nodejs/querystring.js (3 ms)
[2026-07-10 17:31:07] [build-stdout] Extracting /opt/homebrew/Caskroom/codeql/2.26.0/codeql/javascript/tools/data/externs/nodejs/path.js
[2026-07-10 17:31:07] [build-stdout] Done extracting /opt/homebrew/Caskroom/codeql/2.26.0/codeql/javascript/tools/data/externs/nodejs/sys.js (0 ms)
[2026-07-10 17:31:07] [build-stdout] Extracting /opt/homebrew/Caskroom/codeql/2.26.0/codeql/javascript/tools/data/externs/nodejs/string_decoder.js
[2026-07-10 17:31:07] [build-stdout] Done extracting /opt/homebrew/Caskroom/codeql/2.26.0/codeql/javascript/tools/data/externs/nodejs/string_decoder.js (1 ms)
[2026-07-10 17:31:07] [build-stdout] Extracting /opt/homebrew/Caskroom/codeql/2.26.0/codeql/javascript/tools/data/externs/nodejs/cluster.js
[2026-07-10 17:31:07] [build-stdout] Done extracting /opt/homebrew/Caskroom/codeql/2.26.0/codeql/javascript/tools/data/externs/nodejs/path.js (9 ms)
[2026-07-10 17:31:07] [build-stdout] Extracting /opt/homebrew/Caskroom/codeql/2.26.0/codeql/javascript/tools/data/externs/nodejs/v8.js
[2026-07-10 17:31:07] [build-stdout] Done extracting /opt/homebrew/Caskroom/codeql/2.26.0/codeql/javascript/tools/data/externs/nodejs/v8.js (2 ms)
[2026-07-10 17:31:07] [build-stdout] Extracting /opt/homebrew/Caskroom/codeql/2.26.0/codeql/javascript/tools/data/externs/nodejs/crypto.js
[2026-07-10 17:31:07] [build-stdout] Done extracting /opt/homebrew/Caskroom/codeql/2.26.0/codeql/javascript/tools/data/externs/nodejs/cluster.js (28 ms)
[2026-07-10 17:31:07] [build-stdout] Extracting /opt/homebrew/Caskroom/codeql/2.26.0/codeql/javascript/tools/data/externs/nodejs/zlib.js
[2026-07-10 17:31:07] [build-stdout] Done extracting /opt/homebrew/Caskroom/codeql/2.26.0/codeql/javascript/tools/data/externs/nodejs/crypto.js (25 ms)
[2026-07-10 17:31:07] [build-stdout] Extracting /opt/homebrew/Caskroom/codeql/2.26.0/codeql/javascript/tools/data/externs/nodejs/url.js
[2026-07-10 17:31:07] [build-stdout] Done extracting /opt/homebrew/Caskroom/codeql/2.26.0/codeql/javascript/tools/data/externs/nodejs/url.js (2 ms)
[2026-07-10 17:31:07] [build-stdout] Extracting /opt/homebrew/Caskroom/codeql/2.26.0/codeql/javascript/tools/data/externs/nodejs/tls.js
[2026-07-10 17:31:07] [build-stdout] Done extracting /opt/homebrew/Caskroom/codeql/2.26.0/codeql/javascript/tools/data/externs/nodejs/zlib.js (12 ms)
[2026-07-10 17:31:07] [build-stdout] Extracting /opt/homebrew/Caskroom/codeql/2.26.0/codeql/javascript/tools/data/externs/nodejs/process.js
[2026-07-10 17:31:07] [build-stdout] Done extracting /opt/homebrew/Caskroom/codeql/2.26.0/codeql/javascript/tools/data/externs/nodejs/process.js (0 ms)
[2026-07-10 17:31:07] [build-stdout] Extracting /opt/homebrew/Caskroom/codeql/2.26.0/codeql/javascript/tools/data/externs/nodejs/http.js
[2026-07-10 17:31:07] [build-stdout] Done extracting /opt/homebrew/Caskroom/codeql/2.26.0/codeql/javascript/tools/data/externs/nodejs/tls.js (14 ms)
[2026-07-10 17:31:07] [build-stdout] Extracting /opt/homebrew/Caskroom/codeql/2.26.0/codeql/javascript/tools/data/externs/nodejs/buffer.js
[2026-07-10 17:31:07] [build-stdout] Done extracting /opt/homebrew/Caskroom/codeql/2.26.0/codeql/javascript/tools/data/externs/nodejs/buffer.js (3 ms)
[2026-07-10 17:31:07] [build-stdout] Extracting /opt/homebrew/Caskroom/codeql/2.26.0/codeql/javascript/tools/data/externs/nodejs/fs.js
[2026-07-10 17:31:07] [build-stdout] Done extracting /opt/homebrew/Caskroom/codeql/2.26.0/codeql/javascript/tools/data/externs/nodejs/http.js (14 ms)
[2026-07-10 17:31:07] [build-stdout] Extracting /opt/homebrew/Caskroom/codeql/2.26.0/codeql/javascript/tools/data/externs/web/ie_dom.js
[2026-07-10 17:31:07] [build-stdout] Done extracting /opt/homebrew/Caskroom/codeql/2.26.0/codeql/javascript/tools/data/externs/web/ie_dom.js (25 ms)
[2026-07-10 17:31:07] [build-stdout] Extracting /opt/homebrew/Caskroom/codeql/2.26.0/codeql/javascript/tools/data/externs/web/mediasource.js
[2026-07-10 17:31:07] [build-stdout] Done extracting /opt/homebrew/Caskroom/codeql/2.26.0/codeql/javascript/tools/data/externs/web/mediasource.js (4 ms)
[2026-07-10 17:31:07] [build-stdout] Extracting /opt/homebrew/Caskroom/codeql/2.26.0/codeql/javascript/tools/data/externs/web/html5.js
[2026-07-10 17:31:07] [build-stdout] Done extracting /opt/homebrew/Caskroom/codeql/2.26.0/codeql/javascript/tools/data/externs/nodejs/fs.js (46 ms)
[2026-07-10 17:31:07] [build-stdout] Extracting /opt/homebrew/Caskroom/codeql/2.26.0/codeql/javascript/tools/data/externs/web/w3c_anim_timing.js
[2026-07-10 17:31:07] [build-stdout] Done extracting /opt/homebrew/Caskroom/codeql/2.26.0/codeql/javascript/tools/data/externs/web/w3c_anim_timing.js (2 ms)
[2026-07-10 17:31:07] [build-stdout] Extracting /opt/homebrew/Caskroom/codeql/2.26.0/codeql/javascript/tools/data/externs/web/w3c_dom3.js
[2026-07-10 17:31:07] [build-stdout] Done extracting /opt/homebrew/Caskroom/codeql/2.26.0/codeql/javascript/tools/data/externs/web/w3c_dom3.js (15 ms)
[2026-07-10 17:31:07] [build-stdout] Extracting /opt/homebrew/Caskroom/codeql/2.26.0/codeql/javascript/tools/data/externs/web/fetchapi.js
[2026-07-10 17:31:07] [build-stdout] Done extracting /opt/homebrew/Caskroom/codeql/2.26.0/codeql/javascript/tools/data/externs/web/fetchapi.js (11 ms)
[2026-07-10 17:31:07] [build-stdout] Extracting /opt/homebrew/Caskroom/codeql/2.26.0/codeql/javascript/tools/data/externs/web/streamsapi.js
[2026-07-10 17:31:07] [build-stdout] Done extracting /opt/homebrew/Caskroom/codeql/2.26.0/codeql/javascript/tools/data/externs/web/streamsapi.js (9 ms)
[2026-07-10 17:31:07] [build-stdout] Extracting /opt/homebrew/Caskroom/codeql/2.26.0/codeql/javascript/tools/data/externs/web/fileapi.js
[2026-07-10 17:31:07] [build-stdout] Done extracting /opt/homebrew/Caskroom/codeql/2.26.0/codeql/javascript/tools/data/externs/web/fileapi.js (19 ms)
[2026-07-10 17:31:07] [build-stdout] Extracting /opt/homebrew/Caskroom/codeql/2.26.0/codeql/javascript/tools/data/externs/web/w3c_navigation_timing.js
[2026-07-10 17:31:07] [build-stdout] Done extracting /opt/homebrew/Caskroom/codeql/2.26.0/codeql/javascript/tools/data/externs/web/w3c_navigation_timing.js (6 ms)
[2026-07-10 17:31:07] [build-stdout] Extracting /opt/homebrew/Caskroom/codeql/2.26.0/codeql/javascript/tools/data/externs/web/w3c_range.js
[2026-07-10 17:31:07] [build-stdout] Done extracting /opt/homebrew/Caskroom/codeql/2.26.0/codeql/javascript/tools/data/externs/web/html5.js (85 ms)
[2026-07-10 17:31:07] [build-stdout] Extracting /opt/homebrew/Caskroom/codeql/2.26.0/codeql/javascript/tools/data/externs/web/w3c_indexeddb.js
[2026-07-10 17:31:07] [build-stdout] Done extracting /opt/homebrew/Caskroom/codeql/2.26.0/codeql/javascript/tools/data/externs/web/w3c_range.js (4 ms)
[2026-07-10 17:31:07] [build-stdout] Extracting /opt/homebrew/Caskroom/codeql/2.26.0/codeql/javascript/tools/data/externs/web/w3c_dom2.js
[2026-07-10 17:31:07] [build-stdout] Done extracting /opt/homebrew/Caskroom/codeql/2.26.0/codeql/javascript/tools/data/externs/web/w3c_indexeddb.js (16 ms)
[2026-07-10 17:31:07] [build-stdout] Extracting /opt/homebrew/Caskroom/codeql/2.26.0/codeql/javascript/tools/data/externs/web/w3c_elementtraversal.js
[2026-07-10 17:31:07] [build-stdout] Done extracting /opt/homebrew/Caskroom/codeql/2.26.0/codeql/javascript/tools/data/externs/web/w3c_elementtraversal.js (2 ms)
[2026-07-10 17:31:07] [build-stdout] Extracting /opt/homebrew/Caskroom/codeql/2.26.0/codeql/javascript/tools/data/externs/web/w3c_webcrypto.js
[2026-07-10 17:31:07] [build-stdout] Done extracting /opt/homebrew/Caskroom/codeql/2.26.0/codeql/javascript/tools/data/externs/web/w3c_webcrypto.js (7 ms)
[2026-07-10 17:31:07] [build-stdout] Extracting /opt/homebrew/Caskroom/codeql/2.26.0/codeql/javascript/tools/data/externs/web/ie_vml.js
[2026-07-10 17:31:07] [build-stdout] Done extracting /opt/homebrew/Caskroom/codeql/2.26.0/codeql/javascript/tools/data/externs/web/ie_vml.js (1 ms)
[2026-07-10 17:31:07] [build-stdout] Extracting /opt/homebrew/Caskroom/codeql/2.26.0/codeql/javascript/tools/data/externs/web/intl.js
[2026-07-10 17:31:07] [build-stdout] Done extracting /opt/homebrew/Caskroom/codeql/2.26.0/codeql/javascript/tools/data/externs/web/intl.js (4 ms)
[2026-07-10 17:31:07] [build-stdout] Extracting /opt/homebrew/Caskroom/codeql/2.26.0/codeql/javascript/tools/data/externs/web/w3c_rtc.js
[2026-07-10 17:31:07] [build-stdout] Done extracting /opt/homebrew/Caskroom/codeql/2.26.0/codeql/javascript/tools/data/externs/web/w3c_dom2.js (41 ms)
[2026-07-10 17:31:07] [build-stdout] Extracting /opt/homebrew/Caskroom/codeql/2.26.0/codeql/javascript/tools/data/externs/web/w3c_requestidlecallback.js
[2026-07-10 17:31:07] [build-stdout] Done extracting /opt/homebrew/Caskroom/codeql/2.26.0/codeql/javascript/tools/data/externs/web/w3c_requestidlecallback.js (1 ms)
[2026-07-10 17:31:07] [build-stdout] Extracting /opt/homebrew/Caskroom/codeql/2.26.0/codeql/javascript/tools/data/externs/web/w3c_geolocation.js
[2026-07-10 17:31:07] [build-stdout] Done extracting /opt/homebrew/Caskroom/codeql/2.26.0/codeql/javascript/tools/data/externs/web/w3c_geolocation.js (2 ms)
[2026-07-10 17:31:07] [build-stdout] Extracting /opt/homebrew/Caskroom/codeql/2.26.0/codeql/javascript/tools/data/externs/web/webstorage.js
[2026-07-10 17:31:07] [build-stdout] Done extracting /opt/homebrew/Caskroom/codeql/2.26.0/codeql/javascript/tools/data/externs/web/webstorage.js (2 ms)
[2026-07-10 17:31:07] [build-stdout] Extracting /opt/homebrew/Caskroom/codeql/2.26.0/codeql/javascript/tools/data/externs/web/webkit_usercontent.js
[2026-07-10 17:31:07] [build-stdout] Done extracting /opt/homebrew/Caskroom/codeql/2.26.0/codeql/javascript/tools/data/externs/web/webkit_usercontent.js (1 ms)
[2026-07-10 17:31:07] [build-stdout] Extracting /opt/homebrew/Caskroom/codeql/2.26.0/codeql/javascript/tools/data/externs/web/window.js
[2026-07-10 17:31:07] [build-stdout] Done extracting /opt/homebrew/Caskroom/codeql/2.26.0/codeql/javascript/tools/data/externs/web/window.js (2 ms)
[2026-07-10 17:31:07] [build-stdout] Extracting /opt/homebrew/Caskroom/codeql/2.26.0/codeql/javascript/tools/data/externs/web/page_visibility.js
[2026-07-10 17:31:07] [build-stdout] Done extracting /opt/homebrew/Caskroom/codeql/2.26.0/codeql/javascript/tools/data/externs/web/page_visibility.js (0 ms)
[2026-07-10 17:31:07] [build-stdout] Extracting /opt/homebrew/Caskroom/codeql/2.26.0/codeql/javascript/tools/data/externs/web/webgl.js
[2026-07-10 17:31:07] [build-stdout] Done extracting /opt/homebrew/Caskroom/codeql/2.26.0/codeql/javascript/tools/data/externs/web/w3c_rtc.js (40 ms)
[2026-07-10 17:31:07] [build-stdout] Extracting /opt/homebrew/Caskroom/codeql/2.26.0/codeql/javascript/tools/data/externs/web/w3c_touch_event.js
[2026-07-10 17:31:07] [build-stdout] Done extracting /opt/homebrew/Caskroom/codeql/2.26.0/codeql/javascript/tools/data/externs/web/w3c_touch_event.js (4 ms)
[2026-07-10 17:31:07] [build-stdout] Extracting /opt/homebrew/Caskroom/codeql/2.26.0/codeql/javascript/tools/data/externs/web/w3c_event.js
[2026-07-10 17:31:07] [build-stdout] Done extracting /opt/homebrew/Caskroom/codeql/2.26.0/codeql/javascript/tools/data/externs/web/w3c_event.js (13 ms)
[2026-07-10 17:31:07] [build-stdout] Extracting /opt/homebrew/Caskroom/codeql/2.26.0/codeql/javascript/tools/data/externs/web/whatwg_encoding.js
[2026-07-10 17:31:07] [build-stdout] Done extracting /opt/homebrew/Caskroom/codeql/2.26.0/codeql/javascript/tools/data/externs/web/whatwg_encoding.js (1 ms)
[2026-07-10 17:31:07] [build-stdout] Extracting /opt/homebrew/Caskroom/codeql/2.26.0/codeql/javascript/tools/data/externs/web/w3c_event3.js
[2026-07-10 17:31:07] [build-stdout] Done extracting /opt/homebrew/Caskroom/codeql/2.26.0/codeql/javascript/tools/data/externs/web/w3c_event3.js (1 ms)
[2026-07-10 17:31:07] [build-stdout] Extracting /opt/homebrew/Caskroom/codeql/2.26.0/codeql/javascript/tools/data/externs/web/gecko_xml.js
[2026-07-10 17:31:07] [build-stdout] Done extracting /opt/homebrew/Caskroom/codeql/2.26.0/codeql/javascript/tools/data/externs/web/gecko_xml.js (1 ms)
[2026-07-10 17:31:07] [build-stdout] Extracting /opt/homebrew/Caskroom/codeql/2.26.0/codeql/javascript/tools/data/externs/web/ie_event.js
[2026-07-10 17:31:07] [build-stdout] Done extracting /opt/homebrew/Caskroom/codeql/2.26.0/codeql/javascript/tools/data/externs/web/ie_event.js (5 ms)
[2026-07-10 17:31:07] [build-stdout] Extracting /opt/homebrew/Caskroom/codeql/2.26.0/codeql/javascript/tools/data/externs/web/w3c_css.js
[2026-07-10 17:31:07] [build-stdout] Done extracting /opt/homebrew/Caskroom/codeql/2.26.0/codeql/javascript/tools/data/externs/web/webgl.js (66 ms)
[2026-07-10 17:31:07] [build-stdout] Extracting /opt/homebrew/Caskroom/codeql/2.26.0/codeql/javascript/tools/data/externs/web/ie_css.js
[2026-07-10 17:31:07] [build-stdout] Done extracting /opt/homebrew/Caskroom/codeql/2.26.0/codeql/javascript/tools/data/externs/web/ie_css.js (5 ms)
[2026-07-10 17:31:07] [build-stdout] Extracting /opt/homebrew/Caskroom/codeql/2.26.0/codeql/javascript/tools/data/externs/web/webkit_css.js
[2026-07-10 17:31:07] [build-stdout] Done extracting /opt/homebrew/Caskroom/codeql/2.26.0/codeql/javascript/tools/data/externs/web/w3c_css.js (38 ms)
[2026-07-10 17:31:07] [build-stdout] Extracting /opt/homebrew/Caskroom/codeql/2.26.0/codeql/javascript/tools/data/externs/web/w3c_xml.js
[2026-07-10 17:31:07] [build-stdout] Done extracting /opt/homebrew/Caskroom/codeql/2.26.0/codeql/javascript/tools/data/externs/web/w3c_xml.js (7 ms)
[2026-07-10 17:31:07] [build-stdout] Extracting /opt/homebrew/Caskroom/codeql/2.26.0/codeql/javascript/tools/data/externs/web/gecko_css.js
[2026-07-10 17:31:07] [build-stdout] Done extracting /opt/homebrew/Caskroom/codeql/2.26.0/codeql/javascript/tools/data/externs/web/webkit_css.js (24 ms)
[2026-07-10 17:31:07] [build-stdout] Extracting /opt/homebrew/Caskroom/codeql/2.26.0/codeql/javascript/tools/data/externs/web/iphone.js
[2026-07-10 17:31:07] [build-stdout] Done extracting /opt/homebrew/Caskroom/codeql/2.26.0/codeql/javascript/tools/data/externs/web/gecko_css.js (5 ms)
[2026-07-10 17:31:07] [build-stdout] Extracting /opt/homebrew/Caskroom/codeql/2.26.0/codeql/javascript/tools/data/externs/web/w3c_selectors.js
[2026-07-10 17:31:07] [build-stdout] Done extracting /opt/homebrew/Caskroom/codeql/2.26.0/codeql/javascript/tools/data/externs/web/iphone.js (3 ms)
[2026-07-10 17:31:07] [build-stdout] Extracting /opt/homebrew/Caskroom/codeql/2.26.0/codeql/javascript/tools/data/externs/web/chrome.js
[2026-07-10 17:31:07] [build-stdout] Done extracting /opt/homebrew/Caskroom/codeql/2.26.0/codeql/javascript/tools/data/externs/web/w3c_selectors.js (2 ms)
[2026-07-10 17:31:07] [build-stdout] Extracting /opt/homebrew/Caskroom/codeql/2.26.0/codeql/javascript/tools/data/externs/web/w3c_batterystatus.js
[2026-07-10 17:31:07] [build-stdout] Done extracting /opt/homebrew/Caskroom/codeql/2.26.0/codeql/javascript/tools/data/externs/web/w3c_batterystatus.js (1 ms)
[2026-07-10 17:31:07] [build-stdout] Extracting /opt/homebrew/Caskroom/codeql/2.26.0/codeql/javascript/tools/data/externs/web/webkit_notifications.js
[2026-07-10 17:31:07] [build-stdout] Done extracting /opt/homebrew/Caskroom/codeql/2.26.0/codeql/javascript/tools/data/externs/web/webkit_notifications.js (4 ms)
[2026-07-10 17:31:07] [build-stdout] Extracting /opt/homebrew/Caskroom/codeql/2.26.0/codeql/javascript/tools/data/externs/web/w3c_screen_orientation.js
[2026-07-10 17:31:07] [build-stdout] Done extracting /opt/homebrew/Caskroom/codeql/2.26.0/codeql/javascript/tools/data/externs/web/w3c_screen_orientation.js (1 ms)
[2026-07-10 17:31:07] [build-stdout] Extracting /opt/homebrew/Caskroom/codeql/2.26.0/codeql/javascript/tools/data/externs/web/w3c_midi.js
[2026-07-10 17:31:07] [build-stdout] Done extracting /opt/homebrew/Caskroom/codeql/2.26.0/codeql/javascript/tools/data/externs/web/chrome.js (11 ms)
[2026-07-10 17:31:07] [build-stdout] Extracting /opt/homebrew/Caskroom/codeql/2.26.0/codeql/javascript/tools/data/externs/web/w3c_serviceworker.js
[2026-07-10 17:31:07] [build-stdout] Done extracting /opt/homebrew/Caskroom/codeql/2.26.0/codeql/javascript/tools/data/externs/web/w3c_midi.js (4 ms)
[2026-07-10 17:31:07] [build-stdout] Extracting /opt/homebrew/Caskroom/codeql/2.26.0/codeql/javascript/tools/data/externs/web/w3c_device_sensor_event.js
[2026-07-10 17:31:07] [build-stdout] Done extracting /opt/homebrew/Caskroom/codeql/2.26.0/codeql/javascript/tools/data/externs/web/w3c_device_sensor_event.js (2 ms)
[2026-07-10 17:31:07] [build-stdout] Extracting /opt/homebrew/Caskroom/codeql/2.26.0/codeql/javascript/tools/data/externs/web/webkit_event.js
[2026-07-10 17:31:07] [build-stdout] Done extracting /opt/homebrew/Caskroom/codeql/2.26.0/codeql/javascript/tools/data/externs/web/webkit_event.js (0 ms)
[2026-07-10 17:31:07] [build-stdout] Extracting /opt/homebrew/Caskroom/codeql/2.26.0/codeql/javascript/tools/data/externs/web/w3c_permissions.js
[2026-07-10 17:31:07] [build-stdout] Done extracting /opt/homebrew/Caskroom/codeql/2.26.0/codeql/javascript/tools/data/externs/web/w3c_permissions.js (1 ms)
[2026-07-10 17:31:07] [build-stdout] Extracting /opt/homebrew/Caskroom/codeql/2.26.0/codeql/javascript/tools/data/externs/web/w3c_gamepad.js
[2026-07-10 17:31:07] [build-stdout] Done extracting /opt/homebrew/Caskroom/codeql/2.26.0/codeql/javascript/tools/data/externs/web/w3c_gamepad.js (1 ms)
[2026-07-10 17:31:07] [build-stdout] Extracting /opt/homebrew/Caskroom/codeql/2.26.0/codeql/javascript/tools/data/externs/web/w3c_dom1.js
[2026-07-10 17:31:07] [build-stdout] Done extracting /opt/homebrew/Caskroom/codeql/2.26.0/codeql/javascript/tools/data/externs/web/w3c_serviceworker.js (12 ms)
[2026-07-10 17:31:07] [build-stdout] Extracting /opt/homebrew/Caskroom/codeql/2.26.0/codeql/javascript/tools/data/externs/web/url.js
[2026-07-10 17:31:07] [build-stdout] Done extracting /opt/homebrew/Caskroom/codeql/2.26.0/codeql/javascript/tools/data/externs/web/url.js (3 ms)
[2026-07-10 17:31:07] [build-stdout] Extracting /opt/homebrew/Caskroom/codeql/2.26.0/codeql/javascript/tools/data/externs/web/gecko_event.js
[2026-07-10 17:31:07] [build-stdout] Done extracting /opt/homebrew/Caskroom/codeql/2.26.0/codeql/javascript/tools/data/externs/web/gecko_event.js (2 ms)
[2026-07-10 17:31:07] [build-stdout] Extracting /opt/homebrew/Caskroom/codeql/2.26.0/codeql/javascript/tools/data/externs/web/w3c_encoding.js
[2026-07-10 17:31:07] [build-stdout] Done extracting /opt/homebrew/Caskroom/codeql/2.26.0/codeql/javascript/tools/data/externs/web/w3c_encoding.js (1 ms)
[2026-07-10 17:31:07] [build-stdout] Extracting /opt/homebrew/Caskroom/codeql/2.26.0/codeql/javascript/tools/data/externs/web/flash.js
[2026-07-10 17:31:07] [build-stdout] Done extracting /opt/homebrew/Caskroom/codeql/2.26.0/codeql/javascript/tools/data/externs/web/flash.js (4 ms)
[2026-07-10 17:31:07] [build-stdout] Extracting /opt/homebrew/Caskroom/codeql/2.26.0/codeql/javascript/tools/data/externs/web/w3c_pointer_events.js
[2026-07-10 17:31:07] [build-stdout] Done extracting /opt/homebrew/Caskroom/codeql/2.26.0/codeql/javascript/tools/data/externs/web/w3c_pointer_events.js (2 ms)
[2026-07-10 17:31:07] [build-stdout] Extracting /opt/homebrew/Caskroom/codeql/2.26.0/codeql/javascript/tools/data/externs/web/gecko_ext.js
[2026-07-10 17:31:07] [build-stdout] Done extracting /opt/homebrew/Caskroom/codeql/2.26.0/codeql/javascript/tools/data/externs/web/w3c_dom1.js (19 ms)
[2026-07-10 17:31:07] [build-stdout] Extracting /opt/homebrew/Caskroom/codeql/2.26.0/codeql/javascript/tools/data/externs/web/gecko_dom.js
[2026-07-10 17:31:07] [build-stdout] Done extracting /opt/homebrew/Caskroom/codeql/2.26.0/codeql/javascript/tools/data/externs/web/gecko_ext.js (0 ms)
[2026-07-10 17:31:07] [build-stdout] Extracting /opt/homebrew/Caskroom/codeql/2.26.0/codeql/javascript/tools/data/externs/web/webkit_dom.js
[2026-07-10 17:31:07] [build-stdout] Done extracting /opt/homebrew/Caskroom/codeql/2.26.0/codeql/javascript/tools/data/externs/web/webkit_dom.js (7 ms)
[2026-07-10 17:31:07] [build-stdout] Extracting /opt/homebrew/Caskroom/codeql/2.26.0/codeql/javascript/tools/data/externs/web/w3c_css3d.js
[2026-07-10 17:31:07] [build-stdout] Done extracting /opt/homebrew/Caskroom/codeql/2.26.0/codeql/javascript/tools/data/externs/web/w3c_css3d.js (3 ms)
[2026-07-10 17:31:07] [build-stdout] Extracting /opt/homebrew/Caskroom/codeql/2.26.0/codeql/javascript/tools/data/externs/web/w3c_dom4.js
[2026-07-10 17:31:07] [build-stdout] Done extracting /opt/homebrew/Caskroom/codeql/2.26.0/codeql/javascript/tools/data/externs/web/w3c_dom4.js (1 ms)
[2026-07-10 17:31:07] [build-stdout] Extracting /opt/homebrew/Caskroom/codeql/2.26.0/codeql/javascript/tools/data/externs/vm/rhino.js
[2026-07-10 17:31:07] [build-stdout] Done extracting /opt/homebrew/Caskroom/codeql/2.26.0/codeql/javascript/tools/data/externs/vm/rhino.js (2 ms)
[2026-07-10 17:31:07] [build-stdout] Extracting /opt/homebrew/Caskroom/codeql/2.26.0/codeql/javascript/tools/data/externs/vm/v8.js
[2026-07-10 17:31:07] [build-stdout] Done extracting /opt/homebrew/Caskroom/codeql/2.26.0/codeql/javascript/tools/data/externs/web/gecko_dom.js (16 ms)
[2026-07-10 17:31:07] [build-stdout] Extracting /opt/homebrew/Caskroom/codeql/2.26.0/codeql/javascript/tools/data/externs/vm/spidermonkey.js
[2026-07-10 17:31:07] [build-stdout] Done extracting /opt/homebrew/Caskroom/codeql/2.26.0/codeql/javascript/tools/data/externs/vm/v8.js (2 ms)
[2026-07-10 17:31:07] [build-stdout] Extracting /opt/homebrew/Caskroom/codeql/2.26.0/codeql/javascript/tools/data/externs/vm/jsshell.js
[2026-07-10 17:31:07] [build-stdout] Done extracting /opt/homebrew/Caskroom/codeql/2.26.0/codeql/javascript/tools/data/externs/vm/spidermonkey.js (0 ms)
[2026-07-10 17:31:07] [build-stdout] Extracting /opt/homebrew/Caskroom/codeql/2.26.0/codeql/javascript/tools/data/externs/lib/jquery-3.2.js
[2026-07-10 17:31:07] [build-stdout] Done extracting /opt/homebrew/Caskroom/codeql/2.26.0/codeql/javascript/tools/data/externs/vm/jsshell.js (13 ms)
[2026-07-10 17:31:07] [build-stdout] Extracting /opt/homebrew/Caskroom/codeql/2.26.0/codeql/javascript/tools/data/externs/lib/bdd.js
[2026-07-10 17:31:07] [build-stdout] Done extracting /opt/homebrew/Caskroom/codeql/2.26.0/codeql/javascript/tools/data/externs/lib/bdd.js (2 ms)
[2026-07-10 17:31:07] [build-stdout] Extracting /opt/homebrew/Caskroom/codeql/2.26.0/codeql/javascript/tools/data/externs/lib/should.js
[2026-07-10 17:31:07] [build-stdout] Done extracting /opt/homebrew/Caskroom/codeql/2.26.0/codeql/javascript/tools/data/externs/lib/should.js (5 ms)
[2026-07-10 17:31:07] [build-stdout] Extracting /opt/homebrew/Caskroom/codeql/2.26.0/codeql/javascript/tools/data/externs/lib/vows.js
[2026-07-10 17:31:07] [build-stdout] Done extracting /opt/homebrew/Caskroom/codeql/2.26.0/codeql/javascript/tools/data/externs/lib/vows.js (7 ms)
[2026-07-10 17:31:07] [build-stdout] Extracting /opt/homebrew/Caskroom/codeql/2.26.0/codeql/javascript/tools/data/externs/es/proxy.js
[2026-07-10 17:31:07] [build-stdout] Done extracting /opt/homebrew/Caskroom/codeql/2.26.0/codeql/javascript/tools/data/externs/es/proxy.js (0 ms)
[2026-07-10 17:31:07] [build-stdout] Extracting /opt/homebrew/Caskroom/codeql/2.26.0/codeql/javascript/tools/data/externs/es/es5.js
[2026-07-10 17:31:07] [build-stdout] Done extracting /opt/homebrew/Caskroom/codeql/2.26.0/codeql/javascript/tools/data/externs/es/es5.js (4 ms)
[2026-07-10 17:31:07] [build-stdout] Extracting /opt/homebrew/Caskroom/codeql/2.26.0/codeql/javascript/tools/data/externs/es/intl.js
[2026-07-10 17:31:07] [build-stdout] Done extracting /opt/homebrew/Caskroom/codeql/2.26.0/codeql/javascript/tools/data/externs/es/intl.js (4 ms)
[2026-07-10 17:31:07] [build-stdout] Extracting /opt/homebrew/Caskroom/codeql/2.26.0/codeql/javascript/tools/data/externs/es/es6_collections.js
[2026-07-10 17:31:07] [build-stdout] Done extracting /opt/homebrew/Caskroom/codeql/2.26.0/codeql/javascript/tools/data/externs/es/es6_collections.js (3 ms)
[2026-07-10 17:31:07] [build-stdout] Extracting /opt/homebrew/Caskroom/codeql/2.26.0/codeql/javascript/tools/data/externs/es/es6.js
[2026-07-10 17:31:07] [build-stdout] Done extracting /opt/homebrew/Caskroom/codeql/2.26.0/codeql/javascript/tools/data/externs/lib/jquery-3.2.js (55 ms)
[2026-07-10 17:31:07] [build-stdout] Extracting /opt/homebrew/Caskroom/codeql/2.26.0/codeql/javascript/tools/data/externs/es/es2017.js
[2026-07-10 17:31:07] [build-stdout] Done extracting /opt/homebrew/Caskroom/codeql/2.26.0/codeql/javascript/tools/data/externs/es/es2017.js (2 ms)
[2026-07-10 17:31:07] [build-stdout] Extracting /opt/homebrew/Caskroom/codeql/2.26.0/codeql/javascript/tools/data/externs/es/es3.js
[2026-07-10 17:31:07] [build-stdout] Done extracting /opt/homebrew/Caskroom/codeql/2.26.0/codeql/javascript/tools/data/externs/es/es6.js (29 ms)
[2026-07-10 17:31:07] [build-stdout] Extracting /opt/homebrew/Caskroom/codeql/2.26.0/codeql/javascript/tools/data/externs/es/es2016.js
[2026-07-10 17:31:07] [build-stdout] Done extracting /opt/homebrew/Caskroom/codeql/2.26.0/codeql/javascript/tools/data/externs/es/es2016.js (0 ms)
[2026-07-10 17:31:07] [build-stdout] Done extracting /opt/homebrew/Caskroom/codeql/2.26.0/codeql/javascript/tools/data/externs/es/es3.js (40 ms)
Finalizing database at /Users/alancolver/dev/keyfate/piolium/codeql-artifacts/db.
Running TRAP import for CodeQL database at /Users/alancolver/dev/keyfate/piolium/codeql-artifacts/db...
Importing TRAP files
Merging relations
Finished writing database (relations: 8.24 MiB; string pool: 5.53 MiB).
TRAP import complete (1.2s).
Finished zipping source archive (605.61 KiB).
Successfully created database at /Users/alancolver/dev/keyfate/piolium/codeql-artifacts/db.
